Archive member included to satisfy reference by file (symbol)

C:/ti/mspm0_sdk_2_04_00_06/source\ti/driverlib/lib/gcc/m0p/mspm0g1x0x_g3x0x/driverlib.a(dl_adc12.o)
                              ./syscfg/ti_msp_dl_config.o (DL_ADC12_setClockConfig)
C:/ti/mspm0_sdk_2_04_00_06/source\ti/driverlib/lib/gcc/m0p/mspm0g1x0x_g3x0x/driverlib.a(dl_common.o)
                              ./EMG-BatchelorsThesis.o (DL_Common_delayCycles)
C:/ti/mspm0_sdk_2_04_00_06/source\ti/driverlib/lib/gcc/m0p/mspm0g1x0x_g3x0x/driverlib.a(dl_spi.o)
                              ./syscfg/ti_msp_dl_config.o (DL_SPI_init)
C:/ti/gcc_arm_none_eabi_9_2_1/arm-none-eabi/lib/thumb/v6-m/nofp\libc.a(lib_a-init.o)
                              ./startup_mspm0g110x_gcc.o (__libc_init_array)

Allocating common symbols
Common symbol       size              file

gSPI_NRFBackup      0x28              ./syscfg/ti_msp_dl_config.o

Discarded input sections

 .text.NRF_Init
                0x00000000      0x210 ./EMG-BatchelorsThesis.o
 .text.SYSCFG_DL_saveConfiguration
                0x00000000       0x14 ./syscfg/ti_msp_dl_config.o
 .text.SYSCFG_DL_restoreConfiguration
                0x00000000       0x14 ./syscfg/ti_msp_dl_config.o
 .text.DL_ADC12_getClockConfig
                0x00000000       0x30 C:/ti/mspm0_sdk_2_04_00_06/source\ti/driverlib/lib/gcc/m0p/mspm0g1x0x_g3x0x/driverlib.a(dl_adc12.o)
 .text.DL_SPI_getClockConfig
                0x00000000       0x14 C:/ti/mspm0_sdk_2_04_00_06/source\ti/driverlib/lib/gcc/m0p/mspm0g1x0x_g3x0x/driverlib.a(dl_spi.o)
 .text.DL_SPI_receiveDataBlocking8
                0x00000000       0x1c C:/ti/mspm0_sdk_2_04_00_06/source\ti/driverlib/lib/gcc/m0p/mspm0g1x0x_g3x0x/driverlib.a(dl_spi.o)
 .text.DL_SPI_receiveDataBlocking16
                0x00000000       0x1c C:/ti/mspm0_sdk_2_04_00_06/source\ti/driverlib/lib/gcc/m0p/mspm0g1x0x_g3x0x/driverlib.a(dl_spi.o)
 .text.DL_SPI_receiveDataBlocking32
                0x00000000       0x18 C:/ti/mspm0_sdk_2_04_00_06/source\ti/driverlib/lib/gcc/m0p/mspm0g1x0x_g3x0x/driverlib.a(dl_spi.o)
 .text.DL_SPI_transmitDataBlocking8
                0x00000000       0x18 C:/ti/mspm0_sdk_2_04_00_06/source\ti/driverlib/lib/gcc/m0p/mspm0g1x0x_g3x0x/driverlib.a(dl_spi.o)
 .text.DL_SPI_transmitDataBlocking16
                0x00000000       0x18 C:/ti/mspm0_sdk_2_04_00_06/source\ti/driverlib/lib/gcc/m0p/mspm0g1x0x_g3x0x/driverlib.a(dl_spi.o)
 .text.DL_SPI_transmitDataBlocking32
                0x00000000       0x18 C:/ti/mspm0_sdk_2_04_00_06/source\ti/driverlib/lib/gcc/m0p/mspm0g1x0x_g3x0x/driverlib.a(dl_spi.o)
 .text.DL_SPI_receiveDataCheck8
                0x00000000       0x20 C:/ti/mspm0_sdk_2_04_00_06/source\ti/driverlib/lib/gcc/m0p/mspm0g1x0x_g3x0x/driverlib.a(dl_spi.o)
 .text.DL_SPI_receiveDataCheck16
                0x00000000       0x20 C:/ti/mspm0_sdk_2_04_00_06/source\ti/driverlib/lib/gcc/m0p/mspm0g1x0x_g3x0x/driverlib.a(dl_spi.o)
 .text.DL_SPI_receiveDataCheck32
                0x00000000       0x20 C:/ti/mspm0_sdk_2_04_00_06/source\ti/driverlib/lib/gcc/m0p/mspm0g1x0x_g3x0x/driverlib.a(dl_spi.o)
 .text.DL_SPI_transmitDataCheck8
                0x00000000       0x1c C:/ti/mspm0_sdk_2_04_00_06/source\ti/driverlib/lib/gcc/m0p/mspm0g1x0x_g3x0x/driverlib.a(dl_spi.o)
 .text.DL_SPI_transmitDataCheck16
                0x00000000       0x1c C:/ti/mspm0_sdk_2_04_00_06/source\ti/driverlib/lib/gcc/m0p/mspm0g1x0x_g3x0x/driverlib.a(dl_spi.o)
 .text.DL_SPI_transmitDataCheck32
                0x00000000       0x1c C:/ti/mspm0_sdk_2_04_00_06/source\ti/driverlib/lib/gcc/m0p/mspm0g1x0x_g3x0x/driverlib.a(dl_spi.o)
 .text.DL_SPI_drainRXFIFO8
                0x00000000       0x2c C:/ti/mspm0_sdk_2_04_00_06/source\ti/driverlib/lib/gcc/m0p/mspm0g1x0x_g3x0x/driverlib.a(dl_spi.o)
 .text.DL_SPI_drainRXFIFO16
                0x00000000       0x34 C:/ti/mspm0_sdk_2_04_00_06/source\ti/driverlib/lib/gcc/m0p/mspm0g1x0x_g3x0x/driverlib.a(dl_spi.o)
 .text.DL_SPI_drainRXFIFO32
                0x00000000       0x34 C:/ti/mspm0_sdk_2_04_00_06/source\ti/driverlib/lib/gcc/m0p/mspm0g1x0x_g3x0x/driverlib.a(dl_spi.o)
 .text.DL_SPI_fillTXFIFO8
                0x00000000       0x2c C:/ti/mspm0_sdk_2_04_00_06/source\ti/driverlib/lib/gcc/m0p/mspm0g1x0x_g3x0x/driverlib.a(dl_spi.o)
 .text.DL_SPI_fillTXFIFO16
                0x00000000       0x2c C:/ti/mspm0_sdk_2_04_00_06/source\ti/driverlib/lib/gcc/m0p/mspm0g1x0x_g3x0x/driverlib.a(dl_spi.o)
 .text.DL_SPI_saveConfiguration
                0x00000000       0x70 C:/ti/mspm0_sdk_2_04_00_06/source\ti/driverlib/lib/gcc/m0p/mspm0g1x0x_g3x0x/driverlib.a(dl_spi.o)
 .text.DL_SPI_restoreConfiguration
                0x00000000       0x7c C:/ti/mspm0_sdk_2_04_00_06/source\ti/driverlib/lib/gcc/m0p/mspm0g1x0x_g3x0x/driverlib.a(dl_spi.o)
 .text.DL_SPI_fillTXFIFO32
                0x00000000       0x2c C:/ti/mspm0_sdk_2_04_00_06/source\ti/driverlib/lib/gcc/m0p/mspm0g1x0x_g3x0x/driverlib.a(dl_spi.o)

Memory Configuration

Name             Origin             Length             Attributes
FLASH            0x00000000         0x00020000         xr
SRAM             0x20200000         0x00008000         xrw
BCR_CONFIG       0x41c00000         0x000000ff         r
BSL_CONFIG       0x41c00100         0x00000080         r
*default*        0x00000000         0xffffffff

Linker script and memory map

LOAD ./EMG-BatchelorsThesis.o
LOAD ./syscfg/ti_msp_dl_config.o
LOAD ./startup_mspm0g110x_gcc.o
                0x00000000                _Min_Heap_Size = 0x0
                0x00000080                _Min_Stack_Size = 0x80
                0x00000000                PROVIDE (_intvecs_base_address = DEFINED (_intvecs_base_address)?_intvecs_base_address:0x0)

.intvecs        0x00000000       0xc0
 *(.intvecs)
 .intvecs       0x00000000       0xc0 ./startup_mspm0g110x_gcc.o
                0x00000000                interruptVectors
                0x20200000                PROVIDE (_vtable_base_address = DEFINED (_vtable_base_address)?_vtable_base_address:0x20200000)

.vtable
 *(.vtable)

.text           0x000000c0      0x708
 CREATE_OBJECT_SYMBOLS
 *(.text)
 .text          0x000000c0        0x0 ./EMG-BatchelorsThesis.o
 .text          0x000000c0        0x0 ./syscfg/ti_msp_dl_config.o
 .text          0x000000c0        0x0 ./startup_mspm0g110x_gcc.o
 .text          0x000000c0        0x0 C:/ti/mspm0_sdk_2_04_00_06/source\ti/driverlib/lib/gcc/m0p/mspm0g1x0x_g3x0x/driverlib.a(dl_adc12.o)
 .text          0x000000c0        0x0 C:/ti/mspm0_sdk_2_04_00_06/source\ti/driverlib/lib/gcc/m0p/mspm0g1x0x_g3x0x/driverlib.a(dl_common.o)
 .text          0x000000c0        0x0 C:/ti/mspm0_sdk_2_04_00_06/source\ti/driverlib/lib/gcc/m0p/mspm0g1x0x_g3x0x/driverlib.a(dl_spi.o)
 .text          0x000000c0        0x0 C:/ti/gcc_arm_none_eabi_9_2_1/arm-none-eabi/lib/thumb/v6-m/nofp\libc.a(lib_a-init.o)
                0x000000c0                . = ALIGN (0x8)
 *(.text.*)
 .text.startup.main
                0x000000c0      0x320 ./EMG-BatchelorsThesis.o
                0x000000c0                main
 .text.GROUP1_IRQHandler
                0x000003e0       0x1c ./EMG-BatchelorsThesis.o
                0x000003e0                GROUP1_IRQHandler
 .text.SPI0_IRQHandler
                0x000003fc       0x4c ./EMG-BatchelorsThesis.o
                0x000003fc                SPI0_IRQHandler
 .text.SYSCFG_DL_initPower
                0x00000448       0x3c ./syscfg/ti_msp_dl_config.o
                0x00000448                SYSCFG_DL_initPower
 .text.SYSCFG_DL_GPIO_init
                0x00000484       0x94 ./syscfg/ti_msp_dl_config.o
                0x00000484                SYSCFG_DL_GPIO_init
 .text.SYSCFG_DL_SYSCTL_init
                0x00000518       0x38 ./syscfg/ti_msp_dl_config.o
                0x00000518                SYSCFG_DL_SYSCTL_init
 .text.SYSCFG_DL_SPI_NRF_init
                0x00000550       0x68 ./syscfg/ti_msp_dl_config.o
                0x00000550                SYSCFG_DL_SPI_NRF_init
 .text.SYSCFG_DL_ADC12_0_init
                0x000005b8       0x70 ./syscfg/ti_msp_dl_config.o
                0x000005b8                SYSCFG_DL_ADC12_0_init
 .text.SYSCFG_DL_init
                0x00000628       0x24 ./syscfg/ti_msp_dl_config.o
                0x00000628                SYSCFG_DL_init
 .text.Default_Handler
                0x0000064c        0x4 ./startup_mspm0g110x_gcc.o
                0x0000064c                TIMG6_IRQHandler
                0x0000064c                TIMG8_IRQHandler
                0x0000064c                I2C0_IRQHandler
                0x0000064c                HardFault_Handler
                0x0000064c                SysTick_Handler
                0x0000064c                PendSV_Handler
                0x0000064c                NMI_Handler
                0x0000064c                I2C1_IRQHandler
                0x0000064c                UART1_IRQHandler
                0x0000064c                TIMA1_IRQHandler
                0x0000064c                UART0_IRQHandler
                0x0000064c                ADC0_IRQHandler
                0x0000064c                SPI1_IRQHandler
                0x0000064c                TIMG0_IRQHandler
                0x0000064c                ADC1_IRQHandler
                0x0000064c                RTC_IRQHandler
                0x0000064c                GROUP0_IRQHandler
                0x0000064c                UART2_IRQHandler
                0x0000064c                Default_Handler
                0x0000064c                SVC_Handler
                0x0000064c                TIMG12_IRQHandler
                0x0000064c                TIMG7_IRQHandler
                0x0000064c                DMA_IRQHandler
                0x0000064c                TIMA0_IRQHandler
                0x0000064c                UART3_IRQHandler
 .text.Reset_Handler
                0x00000650       0x8c ./startup_mspm0g110x_gcc.o
                0x00000650                Reset_Handler
 .text.initStub
                0x000006dc        0x4 ./startup_mspm0g110x_gcc.o
                0x000006dc                initStub
                0x000006dc                _init
 .text.DL_ADC12_setClockConfig
                0x000006e0       0x40 C:/ti/mspm0_sdk_2_04_00_06/source\ti/driverlib/lib/gcc/m0p/mspm0g1x0x_g3x0x/driverlib.a(dl_adc12.o)
                0x000006e0                DL_ADC12_setClockConfig
 .text.DL_Common_delayCycles
                0x00000720        0xc C:/ti/mspm0_sdk_2_04_00_06/source\ti/driverlib/lib/gcc/m0p/mspm0g1x0x_g3x0x/driverlib.a(dl_common.o)
                0x00000720                DL_Common_delayCycles
 .text.DL_SPI_init
                0x0000072c       0x40 C:/ti/mspm0_sdk_2_04_00_06/source\ti/driverlib/lib/gcc/m0p/mspm0g1x0x_g3x0x/driverlib.a(dl_spi.o)
                0x0000072c                DL_SPI_init
 .text.DL_SPI_setClockConfig
                0x0000076c       0x14 C:/ti/mspm0_sdk_2_04_00_06/source\ti/driverlib/lib/gcc/m0p/mspm0g1x0x_g3x0x/driverlib.a(dl_spi.o)
                0x0000076c                DL_SPI_setClockConfig
 .text.__libc_init_array
                0x00000780       0x44 C:/ti/gcc_arm_none_eabi_9_2_1/arm-none-eabi/lib/thumb/v6-m/nofp\libc.a(lib_a-init.o)
                0x00000780                __libc_init_array
                0x000007c8                . = ALIGN (0x8)
 *fill*         0x000007c4        0x4 
 *(.ctors)
                0x000007c8                . = ALIGN (0x8)
 *(.dtors)
                0x000007c8                . = ALIGN (0x8)
 *(.init)
                0x000007c8                . = ALIGN (0x8)
 *(.fini*)
                0x000007c8                . = ALIGN (0x8)

.glue_7         0x000007c8        0x0
 .glue_7        0x000007c8        0x0 linker stubs

.glue_7t        0x000007c8        0x0
 .glue_7t       0x000007c8        0x0 linker stubs

.vfp11_veneer   0x000007c8        0x0
 .vfp11_veneer  0x000007c8        0x0 linker stubs

.v4_bx          0x000007c8        0x0
 .v4_bx         0x000007c8        0x0 linker stubs

.iplt           0x000007c8        0x0
 .iplt          0x000007c8        0x0 ./EMG-BatchelorsThesis.o

.ramfunc        0x20200000        0x0 load address 0x000007c8
                0x000007c8                __ramfunct_load__ = LOADADDR (.ramfunc)
                0x20200000                __ramfunct_start__ = .
 *(.ramfunc)
                0x20200000                . = ALIGN (0x8)
                0x20200000                __ramfunct_end__ = .

.rodata         0x000007c8       0x50
 *(.rodata)
                0x000007c8                . = ALIGN (0x8)
 *(.rodata.*)
 .rodata.NrfInitRegs
                0x000007c8       0x20 ./EMG-BatchelorsThesis.o
 .rodata.NrfInitRegsCheck
                0x000007e8        0x9 ./EMG-BatchelorsThesis.o
 *fill*         0x000007f1        0x3 
 .rodata.NrfInitRegsCheckValid
                0x000007f4        0x9 ./EMG-BatchelorsThesis.o
 *fill*         0x000007fd        0x3 
 .rodata.gADC12_0ClockConfig
                0x00000800        0x8 ./syscfg/ti_msp_dl_config.o
 .rodata.gSPI_NRF_clockConfig
                0x00000808        0x2 ./syscfg/ti_msp_dl_config.o
 *fill*         0x0000080a        0x2 
 .rodata.gSPI_NRF_config
                0x0000080c        0xa ./syscfg/ti_msp_dl_config.o
                0x00000818                . = ALIGN (0x8)
 *fill*         0x00000816        0x2 

.rel.dyn        0x00000818        0x0
 .rel.iplt      0x00000818        0x0 ./EMG-BatchelorsThesis.o

.preinit_array  0x00000818        0x0
                0x00000818                PROVIDE (__preinit_array_start = .)
 *(.preinit_array*)
                0x00000818                PROVIDE (__preinit_array_end = .)

.init_array     0x00000818        0x0
                0x00000818                . = ALIGN (0x8)
                0x00000818                PROVIDE (__init_array_start = .)
 *(SORT_BY_NAME(.init_array.*))
 *(.init_array*)
                0x00000818                PROVIDE (__init_array_end = .)

.fini_array     0x00000818        0x0
                0x00000818                . = ALIGN (0x8)
                [!provide]                PROVIDE (__fini_array_start = .)
 *(SORT_BY_NAME(.fini_array.*))
 *(.fini_array*)
                [!provide]                PROVIDE (__fini_array_end = .)
                0x00000818                . = ALIGN (0x8)

.ARM.exidx      0x00000818        0x0
                0x00000818                __exidx_start = .
 *(.ARM.exidx* .gnu.linkonce.armexidx.*)
                0x00000818                __exidx_end = .

.ARM.extab      0x00000818        0x0
                0x00000818                . = ALIGN (0x8)
 *(.ARM.extab* .gnu.linkonce.armextab.*)
                0x00000818                . = ALIGN (0x8)
                0x00000818                __etext = .

.data           0x20200000        0x0 load address 0x00000818
                0x00000818                __data_load__ = LOADADDR (.data)
                0x20200000                __data_start__ = .
 *(.data)
 .data          0x20200000        0x0 ./EMG-BatchelorsThesis.o
 .data          0x20200000        0x0 ./syscfg/ti_msp_dl_config.o
 .data          0x20200000        0x0 ./startup_mspm0g110x_gcc.o
 .data          0x20200000        0x0 C:/ti/mspm0_sdk_2_04_00_06/source\ti/driverlib/lib/gcc/m0p/mspm0g1x0x_g3x0x/driverlib.a(dl_adc12.o)
 .data          0x20200000        0x0 C:/ti/mspm0_sdk_2_04_00_06/source\ti/driverlib/lib/gcc/m0p/mspm0g1x0x_g3x0x/driverlib.a(dl_common.o)
 .data          0x20200000        0x0 C:/ti/mspm0_sdk_2_04_00_06/source\ti/driverlib/lib/gcc/m0p/mspm0g1x0x_g3x0x/driverlib.a(dl_spi.o)
 .data          0x20200000        0x0 C:/ti/gcc_arm_none_eabi_9_2_1/arm-none-eabi/lib/thumb/v6-m/nofp\libc.a(lib_a-init.o)
 *(.data*)
                0x20200000                . = ALIGN (0x8)
                0x20200000                __data_end__ = .

.igot.plt       0x20200000        0x0 load address 0x00000818
 .igot.plt      0x20200000        0x0 ./EMG-BatchelorsThesis.o

.bss            0x20200000       0x40
                0x20200000                __bss_start__ = .
 *(.shbss)
 *(.bss)
 .bss           0x20200000        0x0 ./EMG-BatchelorsThesis.o
 .bss           0x20200000        0x0 ./syscfg/ti_msp_dl_config.o
 .bss           0x20200000        0x0 ./startup_mspm0g110x_gcc.o
 .bss           0x20200000        0x0 C:/ti/mspm0_sdk_2_04_00_06/source\ti/driverlib/lib/gcc/m0p/mspm0g1x0x_g3x0x/driverlib.a(dl_adc12.o)
 .bss           0x20200000        0x0 C:/ti/mspm0_sdk_2_04_00_06/source\ti/driverlib/lib/gcc/m0p/mspm0g1x0x_g3x0x/driverlib.a(dl_common.o)
 .bss           0x20200000        0x0 C:/ti/mspm0_sdk_2_04_00_06/source\ti/driverlib/lib/gcc/m0p/mspm0g1x0x_g3x0x/driverlib.a(dl_spi.o)
 .bss           0x20200000        0x0 C:/ti/gcc_arm_none_eabi_9_2_1/arm-none-eabi/lib/thumb/v6-m/nofp\libc.a(lib_a-init.o)
 *(.bss.*)
 .bss.GotBack   0x20200000       0x14 ./EMG-BatchelorsThesis.o
                0x20200000                GotBack
 .bss.cnt       0x20200014        0x4 ./EMG-BatchelorsThesis.o
                0x20200014                cnt
 *(COMMON)
 COMMON         0x20200018       0x28 ./syscfg/ti_msp_dl_config.o
                0x20200018                gSPI_NRFBackup
                0x20200040                . = ALIGN (0x8)
                0x20200040                __bss_end__ = .

.noinit         0x20200040        0x0
 *(*.noinit*)
                0x20200040                . = ALIGN (0x8)

.heap           0x20200040        0x0
                0x20200040                __heap_start__ = .
                0x20200040                end = __heap_start__
                0x20200040                _end = end
                0x20200040                __end = end
 *(.heap)
                0x20200040                __heap_end__ = .
                0x20200040                __HeapLimit = __heap_end__

.stack          0x20200040        0x0
                0x20200040                _stack = .
 *(.stack)

.BCRConfig
 *(.BCRConfig)

.BSLConfig
 *(.BSLConfig)
                0x20208000                __StackTop = (ORIGIN (REGION_STACK) + LENGTH (REGION_STACK))
                [!provide]                PROVIDE (__stack = __StackTop)
LOAD C:/Users/marec/workspace_ccstheia/EMG-BatchelorsThesis/sEMG-Wireless-Sensor/Debug/syscfg\device.lds.genlibs
LOAD C:/ti/mspm0_sdk_2_04_00_06/source\ti/driverlib/lib/gcc/m0p/mspm0g1x0x_g3x0x/driverlib.a
LOAD c:/ti/gcc_arm_none_eabi_9_2_1/bin/../lib/gcc/arm-none-eabi/9.2.1/thumb/v6-m/nofp\libgcc.a
LOAD C:/ti/gcc_arm_none_eabi_9_2_1/arm-none-eabi/lib/thumb/v6-m/nofp\libc.a
LOAD C:/ti/gcc_arm_none_eabi_9_2_1/arm-none-eabi/lib/thumb/v6-m/nofp\libm.a
LOAD C:/ti/gcc_arm_none_eabi_9_2_1/arm-none-eabi/lib/thumb/v6-m/nofp\libnosys.a
START GROUP
LOAD c:/ti/gcc_arm_none_eabi_9_2_1/bin/../lib/gcc/arm-none-eabi/9.2.1/thumb/v6-m/nofp\libgcc.a
LOAD C:/ti/gcc_arm_none_eabi_9_2_1/arm-none-eabi/lib/thumb/v6-m/nofp\libg.a
LOAD C:/ti/gcc_arm_none_eabi_9_2_1/arm-none-eabi/lib/thumb/v6-m/nofp\libc.a
END GROUP
OUTPUT(EMG-BatchelorsThesis.out elf32-littlearm)

.debug_info     0x00000000    0x1c823
 .debug_info    0x00000000     0x4c19 ./EMG-BatchelorsThesis.o
 .debug_info    0x00004c19     0x5d58 ./syscfg/ti_msp_dl_config.o
 .debug_info    0x0000a971      0x1bc ./startup_mspm0g110x_gcc.o
 .debug_info    0x0000ab2d     0x610b C:/ti/mspm0_sdk_2_04_00_06/source\ti/driverlib/lib/gcc/m0p/mspm0g1x0x_g3x0x/driverlib.a(dl_adc12.o)
 .debug_info    0x00010c38     0x55ff C:/ti/mspm0_sdk_2_04_00_06/source\ti/driverlib/lib/gcc/m0p/mspm0g1x0x_g3x0x/driverlib.a(dl_common.o)
 .debug_info    0x00016237     0x65ec C:/ti/mspm0_sdk_2_04_00_06/source\ti/driverlib/lib/gcc/m0p/mspm0g1x0x_g3x0x/driverlib.a(dl_spi.o)

.debug_abbrev   0x00000000      0xf6b
 .debug_abbrev  0x00000000      0x2f8 ./EMG-BatchelorsThesis.o
 .debug_abbrev  0x000002f8      0x398 ./syscfg/ti_msp_dl_config.o
 .debug_abbrev  0x00000690       0xe7 ./startup_mspm0g110x_gcc.o
 .debug_abbrev  0x00000777      0x2ef C:/ti/mspm0_sdk_2_04_00_06/source\ti/driverlib/lib/gcc/m0p/mspm0g1x0x_g3x0x/driverlib.a(dl_adc12.o)
 .debug_abbrev  0x00000a66      0x166 C:/ti/mspm0_sdk_2_04_00_06/source\ti/driverlib/lib/gcc/m0p/mspm0g1x0x_g3x0x/driverlib.a(dl_common.o)
 .debug_abbrev  0x00000bcc      0x39f C:/ti/mspm0_sdk_2_04_00_06/source\ti/driverlib/lib/gcc/m0p/mspm0g1x0x_g3x0x/driverlib.a(dl_spi.o)

.debug_loc      0x00000000      0x990
 .debug_loc     0x00000000       0x39 ./EMG-BatchelorsThesis.o
 .debug_loc     0x00000039       0x26 ./syscfg/ti_msp_dl_config.o
 .debug_loc     0x0000005f       0x13 ./startup_mspm0g110x_gcc.o
 .debug_loc     0x00000072      0x134 C:/ti/mspm0_sdk_2_04_00_06/source\ti/driverlib/lib/gcc/m0p/mspm0g1x0x_g3x0x/driverlib.a(dl_adc12.o)
 .debug_loc     0x000001a6      0x7ea C:/ti/mspm0_sdk_2_04_00_06/source\ti/driverlib/lib/gcc/m0p/mspm0g1x0x_g3x0x/driverlib.a(dl_spi.o)

.debug_aranges  0x00000000      0x1d8
 .debug_aranges
                0x00000000       0x38 ./EMG-BatchelorsThesis.o
 .debug_aranges
                0x00000038       0x58 ./syscfg/ti_msp_dl_config.o
 .debug_aranges
                0x00000090       0x30 ./startup_mspm0g110x_gcc.o
 .debug_aranges
                0x000000c0       0x28 C:/ti/mspm0_sdk_2_04_00_06/source\ti/driverlib/lib/gcc/m0p/mspm0g1x0x_g3x0x/driverlib.a(dl_adc12.o)
 .debug_aranges
                0x000000e8       0x20 C:/ti/mspm0_sdk_2_04_00_06/source\ti/driverlib/lib/gcc/m0p/mspm0g1x0x_g3x0x/driverlib.a(dl_common.o)
 .debug_aranges
                0x00000108       0xd0 C:/ti/mspm0_sdk_2_04_00_06/source\ti/driverlib/lib/gcc/m0p/mspm0g1x0x_g3x0x/driverlib.a(dl_spi.o)

.debug_ranges   0x00000000      0x7c8
 .debug_ranges  0x00000000       0xd0 ./EMG-BatchelorsThesis.o
 .debug_ranges  0x000000d0      0x1f0 ./syscfg/ti_msp_dl_config.o
 .debug_ranges  0x000002c0       0x20 ./startup_mspm0g110x_gcc.o
 .debug_ranges  0x000002e0       0x40 C:/ti/mspm0_sdk_2_04_00_06/source\ti/driverlib/lib/gcc/m0p/mspm0g1x0x_g3x0x/driverlib.a(dl_adc12.o)
 .debug_ranges  0x00000320       0x10 C:/ti/mspm0_sdk_2_04_00_06/source\ti/driverlib/lib/gcc/m0p/mspm0g1x0x_g3x0x/driverlib.a(dl_common.o)
 .debug_ranges  0x00000330      0x498 C:/ti/mspm0_sdk_2_04_00_06/source\ti/driverlib/lib/gcc/m0p/mspm0g1x0x_g3x0x/driverlib.a(dl_spi.o)

.debug_line     0x00000000     0x2c9f
 .debug_line    0x00000000      0x7d1 ./EMG-BatchelorsThesis.o
 .debug_line    0x000007d1      0x91b ./syscfg/ti_msp_dl_config.o
 .debug_line    0x000010ec      0x1cb ./startup_mspm0g110x_gcc.o
 .debug_line    0x000012b7      0x5d5 C:/ti/mspm0_sdk_2_04_00_06/source\ti/driverlib/lib/gcc/m0p/mspm0g1x0x_g3x0x/driverlib.a(dl_adc12.o)
 .debug_line    0x0000188c      0x425 C:/ti/mspm0_sdk_2_04_00_06/source\ti/driverlib/lib/gcc/m0p/mspm0g1x0x_g3x0x/driverlib.a(dl_common.o)
 .debug_line    0x00001cb1      0xfee C:/ti/mspm0_sdk_2_04_00_06/source\ti/driverlib/lib/gcc/m0p/mspm0g1x0x_g3x0x/driverlib.a(dl_spi.o)

.debug_str      0x00000000     0x4395
 .debug_str     0x00000000     0x1b7f ./EMG-BatchelorsThesis.o
                               0x1c8d (size before relaxing)
 .debug_str     0x00001b7f     0x1924 ./syscfg/ti_msp_dl_config.o
                               0x309b (size before relaxing)
 .debug_str     0x000034a3      0x13d ./startup_mspm0g110x_gcc.o
                                0x2f4 (size before relaxing)
 .debug_str     0x000035e0      0x920 C:/ti/mspm0_sdk_2_04_00_06/source\ti/driverlib/lib/gcc/m0p/mspm0g1x0x_g3x0x/driverlib.a(dl_adc12.o)
                               0x21dc (size before relaxing)
 .debug_str     0x00003f00       0xd4 C:/ti/mspm0_sdk_2_04_00_06/source\ti/driverlib/lib/gcc/m0p/mspm0g1x0x_g3x0x/driverlib.a(dl_common.o)
                               0x1b27 (size before relaxing)
 .debug_str     0x00003fd4      0x3c1 C:/ti/mspm0_sdk_2_04_00_06/source\ti/driverlib/lib/gcc/m0p/mspm0g1x0x_g3x0x/driverlib.a(dl_spi.o)
                               0x2451 (size before relaxing)

.comment        0x00000000       0x79
 .comment       0x00000000       0x79 ./EMG-BatchelorsThesis.o
                                 0x7a (size before relaxing)
 .comment       0x00000079       0x7a ./syscfg/ti_msp_dl_config.o
 .comment       0x00000079       0x7a ./startup_mspm0g110x_gcc.o
 .comment       0x00000079       0x7a C:/ti/mspm0_sdk_2_04_00_06/source\ti/driverlib/lib/gcc/m0p/mspm0g1x0x_g3x0x/driverlib.a(dl_adc12.o)
 .comment       0x00000079       0x7a C:/ti/mspm0_sdk_2_04_00_06/source\ti/driverlib/lib/gcc/m0p/mspm0g1x0x_g3x0x/driverlib.a(dl_common.o)
 .comment       0x00000079       0x7a C:/ti/mspm0_sdk_2_04_00_06/source\ti/driverlib/lib/gcc/m0p/mspm0g1x0x_g3x0x/driverlib.a(dl_spi.o)

.ARM.attributes
                0x00000000       0x2c
 .ARM.attributes
                0x00000000       0x2b ./EMG-BatchelorsThesis.o
 .ARM.attributes
                0x0000002b       0x2b ./syscfg/ti_msp_dl_config.o
 .ARM.attributes
                0x00000056       0x2b ./startup_mspm0g110x_gcc.o
 .ARM.attributes
                0x00000081       0x2b C:/ti/mspm0_sdk_2_04_00_06/source\ti/driverlib/lib/gcc/m0p/mspm0g1x0x_g3x0x/driverlib.a(dl_adc12.o)
 .ARM.attributes
                0x000000ac       0x2b C:/ti/mspm0_sdk_2_04_00_06/source\ti/driverlib/lib/gcc/m0p/mspm0g1x0x_g3x0x/driverlib.a(dl_common.o)
 .ARM.attributes
                0x000000d7       0x2b C:/ti/mspm0_sdk_2_04_00_06/source\ti/driverlib/lib/gcc/m0p/mspm0g1x0x_g3x0x/driverlib.a(dl_spi.o)
 .ARM.attributes
                0x00000102       0x2c C:/ti/gcc_arm_none_eabi_9_2_1/arm-none-eabi/lib/thumb/v6-m/nofp\libc.a(lib_a-init.o)

.debug_frame    0x00000000      0x450
 .debug_frame   0x00000000       0x98 ./EMG-BatchelorsThesis.o
 .debug_frame   0x00000098       0xc0 ./syscfg/ti_msp_dl_config.o
 .debug_frame   0x00000158       0x48 ./startup_mspm0g110x_gcc.o
 .debug_frame   0x000001a0       0x44 C:/ti/mspm0_sdk_2_04_00_06/source\ti/driverlib/lib/gcc/m0p/mspm0g1x0x_g3x0x/driverlib.a(dl_adc12.o)
 .debug_frame   0x000001e4       0x20 C:/ti/mspm0_sdk_2_04_00_06/source\ti/driverlib/lib/gcc/m0p/mspm0g1x0x_g3x0x/driverlib.a(dl_common.o)
 .debug_frame   0x00000204      0x220 C:/ti/mspm0_sdk_2_04_00_06/source\ti/driverlib/lib/gcc/m0p/mspm0g1x0x_g3x0x/driverlib.a(dl_spi.o)
 .debug_frame   0x00000424       0x2c C:/ti/gcc_arm_none_eabi_9_2_1/arm-none-eabi/lib/thumb/v6-m/nofp\libc.a(lib_a-init.o)
