Archive member included to satisfy reference by file (symbol)

C:/ti/mspm0_sdk_2_04_00_06/source\ti/driverlib/lib/gcc/m0p/mspm0g1x0x_g3x0x/driverlib.a(dl_adc12.o)
                              ./syscfg/ti_msp_dl_config.o (DL_ADC12_setClockConfig)
C:/ti/mspm0_sdk_2_04_00_06/source\ti/driverlib/lib/gcc/m0p/mspm0g1x0x_g3x0x/driverlib.a(dl_common.o)
                              ./EMG-BatchelorsThesis.o (DL_Common_delayCycles)
C:/ti/mspm0_sdk_2_04_00_06/source\ti/driverlib/lib/gcc/m0p/mspm0g1x0x_g3x0x/driverlib.a(dl_spi.o)
                              ./syscfg/ti_msp_dl_config.o (DL_SPI_init)
C:/ti/gcc_arm_none_eabi_9_2_1/arm-none-eabi/lib/thumb/v6-m/nofp\libc.a(lib_a-init.o)
                              ./startup_mspm0g110x_gcc.o (__libc_init_array)

Allocating common symbols
Common symbol       size              file

tmp_data_           0x5               ./EMG-BatchelorsThesis.o
cnt                 0x4               ./EMG-BatchelorsThesis.o
gSPI_NRFBackup      0x28              ./syscfg/ti_msp_dl_config.o

Discarded input sections

 .text.SYSCFG_DL_saveConfiguration
                0x00000000       0x14 ./syscfg/ti_msp_dl_config.o
 .text.SYSCFG_DL_restoreConfiguration
                0x00000000       0x14 ./syscfg/ti_msp_dl_config.o
 .text.GoStandby
                0x00000000       0x50 ./NRFDriver.o
 .text.FlushFIFOTX
                0x00000000       0x2c ./NRFDriver.o
 .text.FlushFIFORX
                0x00000000       0x2c ./NRFDriver.o
 .text.FlushFIFOs
                0x00000000       0x48 ./NRFDriver.o
 .text.NRF_TXCheckAcks
                0x00000000       0x50 ./NRFDriver.o
 .text.NRF_TXCheckAcksBlocking
                0x00000000       0x64 ./NRFDriver.o
 .text.DL_ADC12_getClockConfig
                0x00000000       0x30 C:/ti/mspm0_sdk_2_04_00_06/source\ti/driverlib/lib/gcc/m0p/mspm0g1x0x_g3x0x/driverlib.a(dl_adc12.o)
 .text.DL_SPI_getClockConfig
                0x00000000       0x14 C:/ti/mspm0_sdk_2_04_00_06/source\ti/driverlib/lib/gcc/m0p/mspm0g1x0x_g3x0x/driverlib.a(dl_spi.o)
 .text.DL_SPI_receiveDataBlocking8
                0x00000000       0x1c C:/ti/mspm0_sdk_2_04_00_06/source\ti/driverlib/lib/gcc/m0p/mspm0g1x0x_g3x0x/driverlib.a(dl_spi.o)
 .text.DL_SPI_receiveDataBlocking16
                0x00000000       0x1c C:/ti/mspm0_sdk_2_04_00_06/source\ti/driverlib/lib/gcc/m0p/mspm0g1x0x_g3x0x/driverlib.a(dl_spi.o)
 .text.DL_SPI_receiveDataBlocking32
                0x00000000       0x18 C:/ti/mspm0_sdk_2_04_00_06/source\ti/driverlib/lib/gcc/m0p/mspm0g1x0x_g3x0x/driverlib.a(dl_spi.o)
 .text.DL_SPI_transmitDataBlocking8
                0x00000000       0x18 C:/ti/mspm0_sdk_2_04_00_06/source\ti/driverlib/lib/gcc/m0p/mspm0g1x0x_g3x0x/driverlib.a(dl_spi.o)
 .text.DL_SPI_transmitDataBlocking16
                0x00000000       0x18 C:/ti/mspm0_sdk_2_04_00_06/source\ti/driverlib/lib/gcc/m0p/mspm0g1x0x_g3x0x/driverlib.a(dl_spi.o)
 .text.DL_SPI_transmitDataBlocking32
                0x00000000       0x18 C:/ti/mspm0_sdk_2_04_00_06/source\ti/driverlib/lib/gcc/m0p/mspm0g1x0x_g3x0x/driverlib.a(dl_spi.o)
 .text.DL_SPI_receiveDataCheck8
                0x00000000       0x20 C:/ti/mspm0_sdk_2_04_00_06/source\ti/driverlib/lib/gcc/m0p/mspm0g1x0x_g3x0x/driverlib.a(dl_spi.o)
 .text.DL_SPI_receiveDataCheck16
                0x00000000       0x20 C:/ti/mspm0_sdk_2_04_00_06/source\ti/driverlib/lib/gcc/m0p/mspm0g1x0x_g3x0x/driverlib.a(dl_spi.o)
 .text.DL_SPI_receiveDataCheck32
                0x00000000       0x20 C:/ti/mspm0_sdk_2_04_00_06/source\ti/driverlib/lib/gcc/m0p/mspm0g1x0x_g3x0x/driverlib.a(dl_spi.o)
 .text.DL_SPI_transmitDataCheck8
                0x00000000       0x1c C:/ti/mspm0_sdk_2_04_00_06/source\ti/driverlib/lib/gcc/m0p/mspm0g1x0x_g3x0x/driverlib.a(dl_spi.o)
 .text.DL_SPI_transmitDataCheck16
                0x00000000       0x1c C:/ti/mspm0_sdk_2_04_00_06/source\ti/driverlib/lib/gcc/m0p/mspm0g1x0x_g3x0x/driverlib.a(dl_spi.o)
 .text.DL_SPI_transmitDataCheck32
                0x00000000       0x1c C:/ti/mspm0_sdk_2_04_00_06/source\ti/driverlib/lib/gcc/m0p/mspm0g1x0x_g3x0x/driverlib.a(dl_spi.o)
 .text.DL_SPI_drainRXFIFO8
                0x00000000       0x2c C:/ti/mspm0_sdk_2_04_00_06/source\ti/driverlib/lib/gcc/m0p/mspm0g1x0x_g3x0x/driverlib.a(dl_spi.o)
 .text.DL_SPI_drainRXFIFO16
                0x00000000       0x34 C:/ti/mspm0_sdk_2_04_00_06/source\ti/driverlib/lib/gcc/m0p/mspm0g1x0x_g3x0x/driverlib.a(dl_spi.o)
 .text.DL_SPI_drainRXFIFO32
                0x00000000       0x34 C:/ti/mspm0_sdk_2_04_00_06/source\ti/driverlib/lib/gcc/m0p/mspm0g1x0x_g3x0x/driverlib.a(dl_spi.o)
 .text.DL_SPI_fillTXFIFO8
                0x00000000       0x2c C:/ti/mspm0_sdk_2_04_00_06/source\ti/driverlib/lib/gcc/m0p/mspm0g1x0x_g3x0x/driverlib.a(dl_spi.o)
 .text.DL_SPI_fillTXFIFO16
                0x00000000       0x2c C:/ti/mspm0_sdk_2_04_00_06/source\ti/driverlib/lib/gcc/m0p/mspm0g1x0x_g3x0x/driverlib.a(dl_spi.o)
 .text.DL_SPI_saveConfiguration
                0x00000000       0x70 C:/ti/mspm0_sdk_2_04_00_06/source\ti/driverlib/lib/gcc/m0p/mspm0g1x0x_g3x0x/driverlib.a(dl_spi.o)
 .text.DL_SPI_restoreConfiguration
                0x00000000       0x7c C:/ti/mspm0_sdk_2_04_00_06/source\ti/driverlib/lib/gcc/m0p/mspm0g1x0x_g3x0x/driverlib.a(dl_spi.o)
 .text.DL_SPI_fillTXFIFO32
                0x00000000       0x2c C:/ti/mspm0_sdk_2_04_00_06/source\ti/driverlib/lib/gcc/m0p/mspm0g1x0x_g3x0x/driverlib.a(dl_spi.o)

Memory Configuration

Name             Origin             Length             Attributes
FLASH            0x00000000         0x00020000         xr
SRAM             0x20200000         0x00008000         xrw
BCR_CONFIG       0x41c00000         0x000000ff         r
BSL_CONFIG       0x41c00100         0x00000080         r
*default*        0x00000000         0xffffffff

Linker script and memory map

LOAD ./EMG-BatchelorsThesis.o
LOAD ./syscfg/ti_msp_dl_config.o
LOAD ./startup_mspm0g110x_gcc.o
LOAD ./NRFDriver.o
                0x00000000                _Min_Heap_Size = 0x0
                0x00000080                _Min_Stack_Size = 0x80
                0x00000000                PROVIDE (_intvecs_base_address = DEFINED (_intvecs_base_address)?_intvecs_base_address:0x0)

.intvecs        0x00000000       0xc0
 *(.intvecs)
 .intvecs       0x00000000       0xc0 ./startup_mspm0g110x_gcc.o
                0x00000000                interruptVectors
                0x20200000                PROVIDE (_vtable_base_address = DEFINED (_vtable_base_address)?_vtable_base_address:0x20200000)

.vtable
 *(.vtable)

.text           0x000000c0      0xad0
 CREATE_OBJECT_SYMBOLS
 *(.text)
 .text          0x000000c0        0x0 ./EMG-BatchelorsThesis.o
 .text          0x000000c0        0x0 ./syscfg/ti_msp_dl_config.o
 .text          0x000000c0        0x0 ./startup_mspm0g110x_gcc.o
 .text          0x000000c0        0x0 ./NRFDriver.o
 .text          0x000000c0        0x0 C:/ti/mspm0_sdk_2_04_00_06/source\ti/driverlib/lib/gcc/m0p/mspm0g1x0x_g3x0x/driverlib.a(dl_adc12.o)
 .text          0x000000c0        0x0 C:/ti/mspm0_sdk_2_04_00_06/source\ti/driverlib/lib/gcc/m0p/mspm0g1x0x_g3x0x/driverlib.a(dl_common.o)
 .text          0x000000c0        0x0 C:/ti/mspm0_sdk_2_04_00_06/source\ti/driverlib/lib/gcc/m0p/mspm0g1x0x_g3x0x/driverlib.a(dl_spi.o)
 .text          0x000000c0        0x0 C:/ti/gcc_arm_none_eabi_9_2_1/arm-none-eabi/lib/thumb/v6-m/nofp\libc.a(lib_a-init.o)
                0x000000c0                . = ALIGN (0x8)
 *(.text.*)
 .text.startup.main
                0x000000c0      0x10c ./EMG-BatchelorsThesis.o
                0x000000c0                main
 .text.GROUP1_IRQHandler
                0x000001cc       0x1c ./EMG-BatchelorsThesis.o
                0x000001cc                GROUP1_IRQHandler
 .text.SPI0_IRQHandler
                0x000001e8        0x8 ./EMG-BatchelorsThesis.o
                0x000001e8                SPI0_IRQHandler
 .text.SYSCFG_DL_initPower
                0x000001f0       0x3c ./syscfg/ti_msp_dl_config.o
                0x000001f0                SYSCFG_DL_initPower
 .text.SYSCFG_DL_GPIO_init
                0x0000022c       0x94 ./syscfg/ti_msp_dl_config.o
                0x0000022c                SYSCFG_DL_GPIO_init
 .text.SYSCFG_DL_SYSCTL_init
                0x000002c0       0x38 ./syscfg/ti_msp_dl_config.o
                0x000002c0                SYSCFG_DL_SYSCTL_init
 .text.SYSCFG_DL_SPI_NRF_init
                0x000002f8       0x68 ./syscfg/ti_msp_dl_config.o
                0x000002f8                SYSCFG_DL_SPI_NRF_init
 .text.SYSCFG_DL_ADC12_0_init
                0x00000360       0x70 ./syscfg/ti_msp_dl_config.o
                0x00000360                SYSCFG_DL_ADC12_0_init
 .text.SYSCFG_DL_init
                0x000003d0       0x24 ./syscfg/ti_msp_dl_config.o
                0x000003d0                SYSCFG_DL_init
 .text.Default_Handler
                0x000003f4        0x4 ./startup_mspm0g110x_gcc.o
                0x000003f4                TIMG6_IRQHandler
                0x000003f4                TIMG8_IRQHandler
                0x000003f4                I2C0_IRQHandler
                0x000003f4                HardFault_Handler
                0x000003f4                SysTick_Handler
                0x000003f4                PendSV_Handler
                0x000003f4                NMI_Handler
                0x000003f4                I2C1_IRQHandler
                0x000003f4                UART1_IRQHandler
                0x000003f4                TIMA1_IRQHandler
                0x000003f4                UART0_IRQHandler
                0x000003f4                ADC0_IRQHandler
                0x000003f4                SPI1_IRQHandler
                0x000003f4                TIMG0_IRQHandler
                0x000003f4                ADC1_IRQHandler
                0x000003f4                RTC_IRQHandler
                0x000003f4                GROUP0_IRQHandler
                0x000003f4                UART2_IRQHandler
                0x000003f4                Default_Handler
                0x000003f4                SVC_Handler
                0x000003f4                TIMG12_IRQHandler
                0x000003f4                TIMG7_IRQHandler
                0x000003f4                DMA_IRQHandler
                0x000003f4                TIMA0_IRQHandler
                0x000003f4                UART3_IRQHandler
 .text.Reset_Handler
                0x000003f8       0x8c ./startup_mspm0g110x_gcc.o
                0x000003f8                Reset_Handler
 .text.initStub
                0x00000484        0x4 ./startup_mspm0g110x_gcc.o
                0x00000484                initStub
                0x00000484                _init
 .text.NRF_Init
                0x00000488      0x240 ./NRFDriver.o
                0x00000488                NRF_Init
 .text.NRF_IRQHandler
                0x000006c8       0x14 ./NRFDriver.o
                0x000006c8                NRF_IRQHandler
 .text.NRF_SPIHandler
                0x000006dc       0xd0 ./NRFDriver.o
                0x000006dc                NRF_SPIHandler
 .text.NRF_TXPipe
                0x000007ac      0x1fc ./NRFDriver.o
                0x000007ac                NRF_TXPipe
 .text.NRF_TXSetData
                0x000009a8       0xcc ./NRFDriver.o
                0x000009a8                NRF_TXSetData
 .text.NRF_TXTransmit
                0x00000a74       0x38 ./NRFDriver.o
                0x00000a74                NRF_TXTransmit
 .text.DL_ADC12_setClockConfig
                0x00000aac       0x40 C:/ti/mspm0_sdk_2_04_00_06/source\ti/driverlib/lib/gcc/m0p/mspm0g1x0x_g3x0x/driverlib.a(dl_adc12.o)
                0x00000aac                DL_ADC12_setClockConfig
 .text.DL_Common_delayCycles
                0x00000aec        0xc C:/ti/mspm0_sdk_2_04_00_06/source\ti/driverlib/lib/gcc/m0p/mspm0g1x0x_g3x0x/driverlib.a(dl_common.o)
                0x00000aec                DL_Common_delayCycles
 .text.DL_SPI_init
                0x00000af8       0x40 C:/ti/mspm0_sdk_2_04_00_06/source\ti/driverlib/lib/gcc/m0p/mspm0g1x0x_g3x0x/driverlib.a(dl_spi.o)
                0x00000af8                DL_SPI_init
 .text.DL_SPI_setClockConfig
                0x00000b38       0x14 C:/ti/mspm0_sdk_2_04_00_06/source\ti/driverlib/lib/gcc/m0p/mspm0g1x0x_g3x0x/driverlib.a(dl_spi.o)
                0x00000b38                DL_SPI_setClockConfig
 .text.__libc_init_array
                0x00000b4c       0x44 C:/ti/gcc_arm_none_eabi_9_2_1/arm-none-eabi/lib/thumb/v6-m/nofp\libc.a(lib_a-init.o)
                0x00000b4c                __libc_init_array
                0x00000b90                . = ALIGN (0x8)
 *(.ctors)
                0x00000b90                . = ALIGN (0x8)
 *(.dtors)
                0x00000b90                . = ALIGN (0x8)
 *(.init)
                0x00000b90                . = ALIGN (0x8)
 *(.fini*)
                0x00000b90                . = ALIGN (0x8)

.glue_7         0x00000b90        0x0
 .glue_7        0x00000b90        0x0 linker stubs

.glue_7t        0x00000b90        0x0
 .glue_7t       0x00000b90        0x0 linker stubs

.vfp11_veneer   0x00000b90        0x0
 .vfp11_veneer  0x00000b90        0x0 linker stubs

.v4_bx          0x00000b90        0x0
 .v4_bx         0x00000b90        0x0 linker stubs

.iplt           0x00000b90        0x0
 .iplt          0x00000b90        0x0 ./EMG-BatchelorsThesis.o

.ramfunc        0x20200000        0x0 load address 0x00000b90
                0x00000b90                __ramfunct_load__ = LOADADDR (.ramfunc)
                0x20200000                __ramfunct_start__ = .
 *(.ramfunc)
                0x20200000                . = ALIGN (0x8)
                0x20200000                __ramfunct_end__ = .

.rodata         0x00000b90       0x50
 *(.rodata)
                0x00000b90                . = ALIGN (0x8)
 *(.rodata.*)
 .rodata.gADC12_0ClockConfig
                0x00000b90        0x8 ./syscfg/ti_msp_dl_config.o
 .rodata.gSPI_NRF_clockConfig
                0x00000b98        0x2 ./syscfg/ti_msp_dl_config.o
 *fill*         0x00000b9a        0x2 
 .rodata.gSPI_NRF_config
                0x00000b9c        0xa ./syscfg/ti_msp_dl_config.o
 *fill*         0x00000ba6        0x2 
 .rodata.NrfInitRegs
                0x00000ba8       0x20 ./NRFDriver.o
 .rodata.NrfInitRegsCheck
                0x00000bc8        0x9 ./NRFDriver.o
 *fill*         0x00000bd1        0x3 
 .rodata.NrfInitRegsCheckValid
                0x00000bd4        0x9 ./NRFDriver.o
                0x00000be0                . = ALIGN (0x8)
 *fill*         0x00000bdd        0x3 

.rel.dyn        0x00000be0        0x0
 .rel.iplt      0x00000be0        0x0 ./EMG-BatchelorsThesis.o

.preinit_array  0x00000be0        0x0
                0x00000be0                PROVIDE (__preinit_array_start = .)
 *(.preinit_array*)
                0x00000be0                PROVIDE (__preinit_array_end = .)

.init_array     0x00000be0        0x0
                0x00000be0                . = ALIGN (0x8)
                0x00000be0                PROVIDE (__init_array_start = .)
 *(SORT_BY_NAME(.init_array.*))
 *(.init_array*)
                0x00000be0                PROVIDE (__init_array_end = .)

.fini_array     0x00000be0        0x0
                0x00000be0                . = ALIGN (0x8)
                [!provide]                PROVIDE (__fini_array_start = .)
 *(SORT_BY_NAME(.fini_array.*))
 *(.fini_array*)
                [!provide]                PROVIDE (__fini_array_end = .)
                0x00000be0                . = ALIGN (0x8)

.ARM.exidx      0x00000be0        0x0
                0x00000be0                __exidx_start = .
 *(.ARM.exidx* .gnu.linkonce.armexidx.*)
                0x00000be0                __exidx_end = .

.ARM.extab      0x00000be0        0x0
                0x00000be0                . = ALIGN (0x8)
 *(.ARM.extab* .gnu.linkonce.armextab.*)
                0x00000be0                . = ALIGN (0x8)
                0x00000be0                __etext = .

.data           0x20200000        0x8 load address 0x00000be0
                0x00000be0                __data_load__ = LOADADDR (.data)
                0x20200000                __data_start__ = .
 *(.data)
 .data          0x20200000        0x0 ./EMG-BatchelorsThesis.o
 .data          0x20200000        0x0 ./syscfg/ti_msp_dl_config.o
 .data          0x20200000        0x0 ./startup_mspm0g110x_gcc.o
 .data          0x20200000        0x0 ./NRFDriver.o
 .data          0x20200000        0x0 C:/ti/mspm0_sdk_2_04_00_06/source\ti/driverlib/lib/gcc/m0p/mspm0g1x0x_g3x0x/driverlib.a(dl_adc12.o)
 .data          0x20200000        0x0 C:/ti/mspm0_sdk_2_04_00_06/source\ti/driverlib/lib/gcc/m0p/mspm0g1x0x_g3x0x/driverlib.a(dl_common.o)
 .data          0x20200000        0x0 C:/ti/mspm0_sdk_2_04_00_06/source\ti/driverlib/lib/gcc/m0p/mspm0g1x0x_g3x0x/driverlib.a(dl_spi.o)
 .data          0x20200000        0x0 C:/ti/gcc_arm_none_eabi_9_2_1/arm-none-eabi/lib/thumb/v6-m/nofp\libc.a(lib_a-init.o)
 *(.data*)
 .data.failedReg
                0x20200000        0x4 ./NRFDriver.o
                0x20200000                failedReg
 .data.regsCorrect
                0x20200004        0x1 ./NRFDriver.o
                0x20200004                regsCorrect
                0x20200008                . = ALIGN (0x8)
 *fill*         0x20200005        0x3 
                0x20200008                __data_end__ = .

.igot.plt       0x20200008        0x0 load address 0x00000be8
 .igot.plt      0x20200008        0x0 ./EMG-BatchelorsThesis.o

.bss            0x20200008       0xc0
                0x20200008                __bss_start__ = .
 *(.shbss)
 *(.bss)
 .bss           0x20200008        0x0 ./EMG-BatchelorsThesis.o
 .bss           0x20200008        0x0 ./syscfg/ti_msp_dl_config.o
 .bss           0x20200008        0x0 ./startup_mspm0g110x_gcc.o
 .bss           0x20200008        0x0 ./NRFDriver.o
 .bss           0x20200008        0x0 C:/ti/mspm0_sdk_2_04_00_06/source\ti/driverlib/lib/gcc/m0p/mspm0g1x0x_g3x0x/driverlib.a(dl_adc12.o)
 .bss           0x20200008        0x0 C:/ti/mspm0_sdk_2_04_00_06/source\ti/driverlib/lib/gcc/m0p/mspm0g1x0x_g3x0x/driverlib.a(dl_common.o)
 .bss           0x20200008        0x0 C:/ti/mspm0_sdk_2_04_00_06/source\ti/driverlib/lib/gcc/m0p/mspm0g1x0x_g3x0x/driverlib.a(dl_spi.o)
 .bss           0x20200008        0x0 C:/ti/gcc_arm_none_eabi_9_2_1/arm-none-eabi/lib/thumb/v6-m/nofp\libc.a(lib_a-init.o)
 *(.bss.*)
 .bss.got_back_
                0x20200008       0x80 ./NRFDriver.o
                0x20200008                got_back_
 .bss.got_back_len_
                0x20200088        0x4 ./NRFDriver.o
                0x20200088                got_back_len_
 .bss.receive_pos.6159
                0x2020008c        0x4 ./NRFDriver.o
 *(COMMON)
 COMMON         0x20200090        0xc ./EMG-BatchelorsThesis.o
                0x20200090                tmp_data_
                0x20200098                cnt
 COMMON         0x2020009c       0x28 ./syscfg/ti_msp_dl_config.o
                0x2020009c                gSPI_NRFBackup
                0x202000c8                . = ALIGN (0x8)
 *fill*         0x202000c4        0x4 
                0x202000c8                __bss_end__ = .

.noinit         0x202000c8        0x0
 *(*.noinit*)
                0x202000c8                . = ALIGN (0x8)

.heap           0x202000c8        0x0
                0x202000c8                __heap_start__ = .
                0x202000c8                end = __heap_start__
                0x202000c8                _end = end
                0x202000c8                __end = end
 *(.heap)
                0x202000c8                __heap_end__ = .
                0x202000c8                __HeapLimit = __heap_end__

.stack          0x202000c8        0x0
                0x202000c8                _stack = .
 *(.stack)

.BCRConfig
 *(.BCRConfig)

.BSLConfig
 *(.BSLConfig)
                0x20208000                __StackTop = (ORIGIN (REGION_STACK) + LENGTH (REGION_STACK))
                [!provide]                PROVIDE (__stack = __StackTop)
LOAD C:/Users/marec/workspace_ccstheia/EMG-BatchelorsThesis/sEMG-Wireless-Sensor/Debug/syscfg\device.lds.genlibs
LOAD C:/ti/mspm0_sdk_2_04_00_06/source\ti/driverlib/lib/gcc/m0p/mspm0g1x0x_g3x0x/driverlib.a
LOAD c:/ti/gcc_arm_none_eabi_9_2_1/bin/../lib/gcc/arm-none-eabi/9.2.1/thumb/v6-m/nofp\libgcc.a
LOAD C:/ti/gcc_arm_none_eabi_9_2_1/arm-none-eabi/lib/thumb/v6-m/nofp\libc.a
LOAD C:/ti/gcc_arm_none_eabi_9_2_1/arm-none-eabi/lib/thumb/v6-m/nofp\libm.a
LOAD C:/ti/gcc_arm_none_eabi_9_2_1/arm-none-eabi/lib/thumb/v6-m/nofp\libnosys.a
START GROUP
LOAD c:/ti/gcc_arm_none_eabi_9_2_1/bin/../lib/gcc/arm-none-eabi/9.2.1/thumb/v6-m/nofp\libgcc.a
LOAD C:/ti/gcc_arm_none_eabi_9_2_1/arm-none-eabi/lib/thumb/v6-m/nofp\libg.a
LOAD C:/ti/gcc_arm_none_eabi_9_2_1/arm-none-eabi/lib/thumb/v6-m/nofp\libc.a
END GROUP
OUTPUT(EMG-BatchelorsThesis.out elf32-littlearm)

.debug_info     0x00000000    0x20a9f
 .debug_info    0x00000000     0x4ac8 ./EMG-BatchelorsThesis.o
 .debug_info    0x00004ac8     0x5d58 ./syscfg/ti_msp_dl_config.o
 .debug_info    0x0000a820      0x1bc ./startup_mspm0g110x_gcc.o
 .debug_info    0x0000a9dc     0x43cd ./NRFDriver.o
 .debug_info    0x0000eda9     0x610b C:/ti/mspm0_sdk_2_04_00_06/source\ti/driverlib/lib/gcc/m0p/mspm0g1x0x_g3x0x/driverlib.a(dl_adc12.o)
 .debug_info    0x00014eb4     0x55ff C:/ti/mspm0_sdk_2_04_00_06/source\ti/driverlib/lib/gcc/m0p/mspm0g1x0x_g3x0x/driverlib.a(dl_common.o)
 .debug_info    0x0001a4b3     0x65ec C:/ti/mspm0_sdk_2_04_00_06/source\ti/driverlib/lib/gcc/m0p/mspm0g1x0x_g3x0x/driverlib.a(dl_spi.o)

.debug_abbrev   0x00000000     0x11b9
 .debug_abbrev  0x00000000      0x294 ./EMG-BatchelorsThesis.o
 .debug_abbrev  0x00000294      0x398 ./syscfg/ti_msp_dl_config.o
 .debug_abbrev  0x0000062c       0xe7 ./startup_mspm0g110x_gcc.o
 .debug_abbrev  0x00000713      0x2b2 ./NRFDriver.o
 .debug_abbrev  0x000009c5      0x2ef C:/ti/mspm0_sdk_2_04_00_06/source\ti/driverlib/lib/gcc/m0p/mspm0g1x0x_g3x0x/driverlib.a(dl_adc12.o)
 .debug_abbrev  0x00000cb4      0x166 C:/ti/mspm0_sdk_2_04_00_06/source\ti/driverlib/lib/gcc/m0p/mspm0g1x0x_g3x0x/driverlib.a(dl_common.o)
 .debug_abbrev  0x00000e1a      0x39f C:/ti/mspm0_sdk_2_04_00_06/source\ti/driverlib/lib/gcc/m0p/mspm0g1x0x_g3x0x/driverlib.a(dl_spi.o)

.debug_aranges  0x00000000      0x248
 .debug_aranges
                0x00000000       0x30 ./EMG-BatchelorsThesis.o
 .debug_aranges
                0x00000030       0x58 ./syscfg/ti_msp_dl_config.o
 .debug_aranges
                0x00000088       0x30 ./startup_mspm0g110x_gcc.o
 .debug_aranges
                0x000000b8       0x78 ./NRFDriver.o
 .debug_aranges
                0x00000130       0x28 C:/ti/mspm0_sdk_2_04_00_06/source\ti/driverlib/lib/gcc/m0p/mspm0g1x0x_g3x0x/driverlib.a(dl_adc12.o)
 .debug_aranges
                0x00000158       0x20 C:/ti/mspm0_sdk_2_04_00_06/source\ti/driverlib/lib/gcc/m0p/mspm0g1x0x_g3x0x/driverlib.a(dl_common.o)
 .debug_aranges
                0x00000178       0xd0 C:/ti/mspm0_sdk_2_04_00_06/source\ti/driverlib/lib/gcc/m0p/mspm0g1x0x_g3x0x/driverlib.a(dl_spi.o)

.debug_ranges   0x00000000      0x928
 .debug_ranges  0x00000000       0x20 ./EMG-BatchelorsThesis.o
 .debug_ranges  0x00000020      0x220 ./syscfg/ti_msp_dl_config.o
 .debug_ranges  0x00000240       0x20 ./startup_mspm0g110x_gcc.o
 .debug_ranges  0x00000260      0x1e0 ./NRFDriver.o
 .debug_ranges  0x00000440       0x40 C:/ti/mspm0_sdk_2_04_00_06/source\ti/driverlib/lib/gcc/m0p/mspm0g1x0x_g3x0x/driverlib.a(dl_adc12.o)
 .debug_ranges  0x00000480       0x10 C:/ti/mspm0_sdk_2_04_00_06/source\ti/driverlib/lib/gcc/m0p/mspm0g1x0x_g3x0x/driverlib.a(dl_common.o)
 .debug_ranges  0x00000490      0x498 C:/ti/mspm0_sdk_2_04_00_06/source\ti/driverlib/lib/gcc/m0p/mspm0g1x0x_g3x0x/driverlib.a(dl_spi.o)

.debug_line     0x00000000     0x3391
 .debug_line    0x00000000      0x53f ./EMG-BatchelorsThesis.o
 .debug_line    0x0000053f      0x927 ./syscfg/ti_msp_dl_config.o
 .debug_line    0x00000e66      0x1cb ./startup_mspm0g110x_gcc.o
 .debug_line    0x00001031      0x978 ./NRFDriver.o
 .debug_line    0x000019a9      0x5d5 C:/ti/mspm0_sdk_2_04_00_06/source\ti/driverlib/lib/gcc/m0p/mspm0g1x0x_g3x0x/driverlib.a(dl_adc12.o)
 .debug_line    0x00001f7e      0x425 C:/ti/mspm0_sdk_2_04_00_06/source\ti/driverlib/lib/gcc/m0p/mspm0g1x0x_g3x0x/driverlib.a(dl_common.o)
 .debug_line    0x000023a3      0xfee C:/ti/mspm0_sdk_2_04_00_06/source\ti/driverlib/lib/gcc/m0p/mspm0g1x0x_g3x0x/driverlib.a(dl_spi.o)

.debug_str      0x00000000     0x45b0
 .debug_str     0x00000000     0x1b1f ./EMG-BatchelorsThesis.o
                               0x1c2d (size before relaxing)
 .debug_str     0x00001b1f     0x1924 ./syscfg/ti_msp_dl_config.o
                               0x309b (size before relaxing)
 .debug_str     0x00003443      0x13d ./startup_mspm0g110x_gcc.o
                                0x2f4 (size before relaxing)
 .debug_str     0x00003580      0x27b ./NRFDriver.o
                               0x15e2 (size before relaxing)
 .debug_str     0x000037fb      0x920 C:/ti/mspm0_sdk_2_04_00_06/source\ti/driverlib/lib/gcc/m0p/mspm0g1x0x_g3x0x/driverlib.a(dl_adc12.o)
                               0x21dc (size before relaxing)
 .debug_str     0x0000411b       0xd4 C:/ti/mspm0_sdk_2_04_00_06/source\ti/driverlib/lib/gcc/m0p/mspm0g1x0x_g3x0x/driverlib.a(dl_common.o)
                               0x1b27 (size before relaxing)
 .debug_str     0x000041ef      0x3c1 C:/ti/mspm0_sdk_2_04_00_06/source\ti/driverlib/lib/gcc/m0p/mspm0g1x0x_g3x0x/driverlib.a(dl_spi.o)
                               0x2451 (size before relaxing)

.comment        0x00000000       0x79
 .comment       0x00000000       0x79 ./EMG-BatchelorsThesis.o
                                 0x7a (size before relaxing)
 .comment       0x00000079       0x7a ./syscfg/ti_msp_dl_config.o
 .comment       0x00000079       0x7a ./startup_mspm0g110x_gcc.o
 .comment       0x00000079       0x7a ./NRFDriver.o
 .comment       0x00000079       0x7a C:/ti/mspm0_sdk_2_04_00_06/source\ti/driverlib/lib/gcc/m0p/mspm0g1x0x_g3x0x/driverlib.a(dl_adc12.o)
 .comment       0x00000079       0x7a C:/ti/mspm0_sdk_2_04_00_06/source\ti/driverlib/lib/gcc/m0p/mspm0g1x0x_g3x0x/driverlib.a(dl_common.o)
 .comment       0x00000079       0x7a C:/ti/mspm0_sdk_2_04_00_06/source\ti/driverlib/lib/gcc/m0p/mspm0g1x0x_g3x0x/driverlib.a(dl_spi.o)

.ARM.attributes
                0x00000000       0x2c
 .ARM.attributes
                0x00000000       0x2b ./EMG-BatchelorsThesis.o
 .ARM.attributes
                0x0000002b       0x2b ./syscfg/ti_msp_dl_config.o
 .ARM.attributes
                0x00000056       0x2b ./startup_mspm0g110x_gcc.o
 .ARM.attributes
                0x00000081       0x2b ./NRFDriver.o
 .ARM.attributes
                0x000000ac       0x2b C:/ti/mspm0_sdk_2_04_00_06/source\ti/driverlib/lib/gcc/m0p/mspm0g1x0x_g3x0x/driverlib.a(dl_adc12.o)
 .ARM.attributes
                0x000000d7       0x2b C:/ti/mspm0_sdk_2_04_00_06/source\ti/driverlib/lib/gcc/m0p/mspm0g1x0x_g3x0x/driverlib.a(dl_common.o)
 .ARM.attributes
                0x00000102       0x2b C:/ti/mspm0_sdk_2_04_00_06/source\ti/driverlib/lib/gcc/m0p/mspm0g1x0x_g3x0x/driverlib.a(dl_spi.o)
 .ARM.attributes
                0x0000012d       0x2c C:/ti/gcc_arm_none_eabi_9_2_1/arm-none-eabi/lib/thumb/v6-m/nofp\libc.a(lib_a-init.o)

.debug_frame    0x00000000      0x56c
 .debug_frame   0x00000000       0x68 ./EMG-BatchelorsThesis.o
 .debug_frame   0x00000068       0xc0 ./syscfg/ti_msp_dl_config.o
 .debug_frame   0x00000128       0x48 ./startup_mspm0g110x_gcc.o
 .debug_frame   0x00000170      0x14c ./NRFDriver.o
 .debug_frame   0x000002bc       0x44 C:/ti/mspm0_sdk_2_04_00_06/source\ti/driverlib/lib/gcc/m0p/mspm0g1x0x_g3x0x/driverlib.a(dl_adc12.o)
 .debug_frame   0x00000300       0x20 C:/ti/mspm0_sdk_2_04_00_06/source\ti/driverlib/lib/gcc/m0p/mspm0g1x0x_g3x0x/driverlib.a(dl_common.o)
 .debug_frame   0x00000320      0x220 C:/ti/mspm0_sdk_2_04_00_06/source\ti/driverlib/lib/gcc/m0p/mspm0g1x0x_g3x0x/driverlib.a(dl_spi.o)
 .debug_frame   0x00000540       0x2c C:/ti/gcc_arm_none_eabi_9_2_1/arm-none-eabi/lib/thumb/v6-m/nofp\libc.a(lib_a-init.o)

.debug_loc      0x00000000      0x9ec
 .debug_loc     0x00000000       0x26 ./syscfg/ti_msp_dl_config.o
 .debug_loc     0x00000026       0x13 ./startup_mspm0g110x_gcc.o
 .debug_loc     0x00000039       0x95 ./NRFDriver.o
 .debug_loc     0x000000ce      0x134 C:/ti/mspm0_sdk_2_04_00_06/source\ti/driverlib/lib/gcc/m0p/mspm0g1x0x_g3x0x/driverlib.a(dl_adc12.o)
 .debug_loc     0x00000202      0x7ea C:/ti/mspm0_sdk_2_04_00_06/source\ti/driverlib/lib/gcc/m0p/mspm0g1x0x_g3x0x/driverlib.a(dl_spi.o)
