Archive member included to satisfy reference by file (symbol)

C:/ti/mspm0_sdk_2_04_00_06/source\ti/driverlib/lib/gcc/m0p/mspm0g1x0x_g3x0x/driverlib.a(dl_adc12.o)
                              ./syscfg/ti_msp_dl_config.o (DL_ADC12_setClockConfig)
C:/ti/mspm0_sdk_2_04_00_06/source\ti/driverlib/lib/gcc/m0p/mspm0g1x0x_g3x0x/driverlib.a(dl_common.o)
                              ./EMG-BatchelorsThesis.o (DL_Common_delayCycles)
C:/ti/mspm0_sdk_2_04_00_06/source\ti/driverlib/lib/gcc/m0p/mspm0g1x0x_g3x0x/driverlib.a(dl_vref.o)
                              ./syscfg/ti_msp_dl_config.o (DL_VREF_configReference)
C:/ti/gcc_arm_none_eabi_9_2_1/arm-none-eabi/lib/thumb/v6-m/nofp\libc.a(lib_a-init.o)
                              ./startup_mspm0g110x_gcc.o (__libc_init_array)

Discarded input sections

 .bss.dir       0x00000000        0x1 ./EMG-BatchelorsThesis.o
 .text.DL_ADC12_getClockConfig
                0x00000000       0x30 C:/ti/mspm0_sdk_2_04_00_06/source\ti/driverlib/lib/gcc/m0p/mspm0g1x0x_g3x0x/driverlib.a(dl_adc12.o)
 .text.DL_VREF_setClockConfig
                0x00000000       0x14 C:/ti/mspm0_sdk_2_04_00_06/source\ti/driverlib/lib/gcc/m0p/mspm0g1x0x_g3x0x/driverlib.a(dl_vref.o)
 .text.DL_VREF_getClockConfig
                0x00000000       0x14 C:/ti/mspm0_sdk_2_04_00_06/source\ti/driverlib/lib/gcc/m0p/mspm0g1x0x_g3x0x/driverlib.a(dl_vref.o)

Memory Configuration

Name             Origin             Length             Attributes
FLASH            0x00000000         0x00020000         xr
SRAM             0x20200000         0x00008000         xrw
BCR_CONFIG       0x41c00000         0x000000ff         r
BSL_CONFIG       0x41c00100         0x00000080         r
*default*        0x00000000         0xffffffff

Linker script and memory map

LOAD ./EMG-BatchelorsThesis.o
LOAD ./syscfg/ti_msp_dl_config.o
LOAD ./startup_mspm0g110x_gcc.o
                0x00000000                _Min_Heap_Size = 0x0
                0x00000080                _Min_Stack_Size = 0x80
                0x00000000                PROVIDE (_intvecs_base_address = DEFINED (_intvecs_base_address)?_intvecs_base_address:0x0)

.intvecs        0x00000000       0xc0
 *(.intvecs)
 .intvecs       0x00000000       0xc0 ./startup_mspm0g110x_gcc.o
                0x00000000                interruptVectors
                0x20200000                PROVIDE (_vtable_base_address = DEFINED (_vtable_base_address)?_vtable_base_address:0x20200000)

.vtable
 *(.vtable)

.text           0x000000c0      0x310
 CREATE_OBJECT_SYMBOLS
 *(.text)
 .text          0x000000c0        0x0 ./EMG-BatchelorsThesis.o
 .text          0x000000c0        0x0 ./syscfg/ti_msp_dl_config.o
 .text          0x000000c0        0x0 ./startup_mspm0g110x_gcc.o
 .text          0x000000c0        0x0 C:/ti/mspm0_sdk_2_04_00_06/source\ti/driverlib/lib/gcc/m0p/mspm0g1x0x_g3x0x/driverlib.a(dl_adc12.o)
 .text          0x000000c0        0x0 C:/ti/mspm0_sdk_2_04_00_06/source\ti/driverlib/lib/gcc/m0p/mspm0g1x0x_g3x0x/driverlib.a(dl_common.o)
 .text          0x000000c0        0x0 C:/ti/mspm0_sdk_2_04_00_06/source\ti/driverlib/lib/gcc/m0p/mspm0g1x0x_g3x0x/driverlib.a(dl_vref.o)
 .text          0x000000c0        0x0 C:/ti/gcc_arm_none_eabi_9_2_1/arm-none-eabi/lib/thumb/v6-m/nofp\libc.a(lib_a-init.o)
                0x000000c0                . = ALIGN (0x8)
 *(.text.*)
 .text.startup.main
                0x000000c0       0xc8 ./EMG-BatchelorsThesis.o
                0x000000c0                main
 .text.SYSCFG_DL_initPower
                0x00000188       0x40 ./syscfg/ti_msp_dl_config.o
                0x00000188                SYSCFG_DL_initPower
 .text.SYSCFG_DL_GPIO_init
                0x000001c8        0x4 ./syscfg/ti_msp_dl_config.o
                0x000001c8                SYSCFG_DL_GPIO_init
 .text.SYSCFG_DL_SYSCTL_init
                0x000001cc       0x38 ./syscfg/ti_msp_dl_config.o
                0x000001cc                SYSCFG_DL_SYSCTL_init
 .text.SYSCFG_DL_ADC12_0_init
                0x00000204       0x58 ./syscfg/ti_msp_dl_config.o
                0x00000204                SYSCFG_DL_ADC12_0_init
 .text.SYSCFG_DL_VREF_init
                0x0000025c       0x14 ./syscfg/ti_msp_dl_config.o
                0x0000025c                SYSCFG_DL_VREF_init
 .text.SYSCFG_DL_init
                0x00000270       0x18 ./syscfg/ti_msp_dl_config.o
                0x00000270                SYSCFG_DL_init
 .text.Default_Handler
                0x00000288        0x4 ./startup_mspm0g110x_gcc.o
                0x00000288                TIMG6_IRQHandler
                0x00000288                TIMG8_IRQHandler
                0x00000288                I2C0_IRQHandler
                0x00000288                HardFault_Handler
                0x00000288                SysTick_Handler
                0x00000288                PendSV_Handler
                0x00000288                NMI_Handler
                0x00000288                I2C1_IRQHandler
                0x00000288                UART1_IRQHandler
                0x00000288                TIMA1_IRQHandler
                0x00000288                UART0_IRQHandler
                0x00000288                ADC0_IRQHandler
                0x00000288                SPI1_IRQHandler
                0x00000288                TIMG0_IRQHandler
                0x00000288                ADC1_IRQHandler
                0x00000288                GROUP1_IRQHandler
                0x00000288                RTC_IRQHandler
                0x00000288                GROUP0_IRQHandler
                0x00000288                UART2_IRQHandler
                0x00000288                Default_Handler
                0x00000288                SVC_Handler
                0x00000288                TIMG12_IRQHandler
                0x00000288                TIMG7_IRQHandler
                0x00000288                SPI0_IRQHandler
                0x00000288                DMA_IRQHandler
                0x00000288                TIMA0_IRQHandler
                0x00000288                UART3_IRQHandler
 .text.Reset_Handler
                0x0000028c       0x8c ./startup_mspm0g110x_gcc.o
                0x0000028c                Reset_Handler
 .text.initStub
                0x00000318        0x4 ./startup_mspm0g110x_gcc.o
                0x00000318                initStub
                0x00000318                _init
 .text.DL_ADC12_setClockConfig
                0x0000031c       0x40 C:/ti/mspm0_sdk_2_04_00_06/source\ti/driverlib/lib/gcc/m0p/mspm0g1x0x_g3x0x/driverlib.a(dl_adc12.o)
                0x0000031c                DL_ADC12_setClockConfig
 .text.DL_Common_delayCycles
                0x0000035c        0xc C:/ti/mspm0_sdk_2_04_00_06/source\ti/driverlib/lib/gcc/m0p/mspm0g1x0x_g3x0x/driverlib.a(dl_common.o)
                0x0000035c                DL_Common_delayCycles
 .text.DL_VREF_configReference
                0x00000368       0x24 C:/ti/mspm0_sdk_2_04_00_06/source\ti/driverlib/lib/gcc/m0p/mspm0g1x0x_g3x0x/driverlib.a(dl_vref.o)
                0x00000368                DL_VREF_configReference
 .text.__libc_init_array
                0x0000038c       0x44 C:/ti/gcc_arm_none_eabi_9_2_1/arm-none-eabi/lib/thumb/v6-m/nofp\libc.a(lib_a-init.o)
                0x0000038c                __libc_init_array
                0x000003d0                . = ALIGN (0x8)
 *(.ctors)
                0x000003d0                . = ALIGN (0x8)
 *(.dtors)
                0x000003d0                . = ALIGN (0x8)
 *(.init)
                0x000003d0                . = ALIGN (0x8)
 *(.fini*)
                0x000003d0                . = ALIGN (0x8)

.glue_7         0x000003d0        0x0
 .glue_7        0x000003d0        0x0 linker stubs

.glue_7t        0x000003d0        0x0
 .glue_7t       0x000003d0        0x0 linker stubs

.vfp11_veneer   0x000003d0        0x0
 .vfp11_veneer  0x000003d0        0x0 linker stubs

.v4_bx          0x000003d0        0x0
 .v4_bx         0x000003d0        0x0 linker stubs

.iplt           0x000003d0        0x0
 .iplt          0x000003d0        0x0 ./EMG-BatchelorsThesis.o

.ramfunc        0x20200000        0x0 load address 0x000003d0
                0x000003d0                __ramfunct_load__ = LOADADDR (.ramfunc)
                0x20200000                __ramfunct_start__ = .
 *(.ramfunc)
                0x20200000                . = ALIGN (0x8)
                0x20200000                __ramfunct_end__ = .

.rodata         0x000003d0       0x18
 *(.rodata)
                0x000003d0                . = ALIGN (0x8)
 *(.rodata.*)
 .rodata.gADC12_0ClockConfig
                0x000003d0        0x8 ./syscfg/ti_msp_dl_config.o
 .rodata.gVREFConfig
                0x000003d8        0xc ./syscfg/ti_msp_dl_config.o
                0x000003e8                . = ALIGN (0x8)
 *fill*         0x000003e4        0x4 

.rel.dyn        0x000003e8        0x0
 .rel.iplt      0x000003e8        0x0 ./EMG-BatchelorsThesis.o

.preinit_array  0x000003e8        0x0
                0x000003e8                PROVIDE (__preinit_array_start = .)
 *(.preinit_array*)
                0x000003e8                PROVIDE (__preinit_array_end = .)

.init_array     0x000003e8        0x0
                0x000003e8                . = ALIGN (0x8)
                0x000003e8                PROVIDE (__init_array_start = .)
 *(SORT_BY_NAME(.init_array.*))
 *(.init_array*)
                0x000003e8                PROVIDE (__init_array_end = .)

.fini_array     0x000003e8        0x0
                0x000003e8                . = ALIGN (0x8)
                [!provide]                PROVIDE (__fini_array_start = .)
 *(SORT_BY_NAME(.fini_array.*))
 *(.fini_array*)
                [!provide]                PROVIDE (__fini_array_end = .)
                0x000003e8                . = ALIGN (0x8)

.ARM.exidx      0x000003e8        0x0
                0x000003e8                __exidx_start = .
 *(.ARM.exidx* .gnu.linkonce.armexidx.*)
                0x000003e8                __exidx_end = .

.ARM.extab      0x000003e8        0x0
                0x000003e8                . = ALIGN (0x8)
 *(.ARM.extab* .gnu.linkonce.armextab.*)
                0x000003e8                . = ALIGN (0x8)
                0x000003e8                __etext = .

.data           0x20200000        0x8 load address 0x000003e8
                0x000003e8                __data_load__ = LOADADDR (.data)
                0x20200000                __data_start__ = .
 *(.data)
 .data          0x20200000        0x0 ./EMG-BatchelorsThesis.o
 .data          0x20200000        0x0 ./syscfg/ti_msp_dl_config.o
 .data          0x20200000        0x0 ./startup_mspm0g110x_gcc.o
 .data          0x20200000        0x0 C:/ti/mspm0_sdk_2_04_00_06/source\ti/driverlib/lib/gcc/m0p/mspm0g1x0x_g3x0x/driverlib.a(dl_adc12.o)
 .data          0x20200000        0x0 C:/ti/mspm0_sdk_2_04_00_06/source\ti/driverlib/lib/gcc/m0p/mspm0g1x0x_g3x0x/driverlib.a(dl_common.o)
 .data          0x20200000        0x0 C:/ti/mspm0_sdk_2_04_00_06/source\ti/driverlib/lib/gcc/m0p/mspm0g1x0x_g3x0x/driverlib.a(dl_vref.o)
 .data          0x20200000        0x0 C:/ti/gcc_arm_none_eabi_9_2_1/arm-none-eabi/lib/thumb/v6-m/nofp\libc.a(lib_a-init.o)
 *(.data*)
 .data.tmp      0x20200000        0x1 ./EMG-BatchelorsThesis.o
                0x20200000                tmp
                0x20200008                . = ALIGN (0x8)
 *fill*         0x20200001        0x7 
                0x20200008                __data_end__ = .

.igot.plt       0x20200008        0x0 load address 0x000003f0
 .igot.plt      0x20200008        0x0 ./EMG-BatchelorsThesis.o

.bss            0x20200008        0x0
                0x20200008                __bss_start__ = .
 *(.shbss)
 *(.bss)
 .bss           0x20200008        0x0 ./EMG-BatchelorsThesis.o
 .bss           0x20200008        0x0 ./syscfg/ti_msp_dl_config.o
 .bss           0x20200008        0x0 ./startup_mspm0g110x_gcc.o
 .bss           0x20200008        0x0 C:/ti/mspm0_sdk_2_04_00_06/source\ti/driverlib/lib/gcc/m0p/mspm0g1x0x_g3x0x/driverlib.a(dl_adc12.o)
 .bss           0x20200008        0x0 C:/ti/mspm0_sdk_2_04_00_06/source\ti/driverlib/lib/gcc/m0p/mspm0g1x0x_g3x0x/driverlib.a(dl_common.o)
 .bss           0x20200008        0x0 C:/ti/mspm0_sdk_2_04_00_06/source\ti/driverlib/lib/gcc/m0p/mspm0g1x0x_g3x0x/driverlib.a(dl_vref.o)
 .bss           0x20200008        0x0 C:/ti/gcc_arm_none_eabi_9_2_1/arm-none-eabi/lib/thumb/v6-m/nofp\libc.a(lib_a-init.o)
 *(.bss.*)
 *(COMMON)
                0x20200008                . = ALIGN (0x8)
                0x20200008                __bss_end__ = .

.noinit         0x20200008        0x0
 *(*.noinit*)
                0x20200008                . = ALIGN (0x8)

.heap           0x20200008        0x0
                0x20200008                __heap_start__ = .
                0x20200008                end = __heap_start__
                0x20200008                _end = end
                0x20200008                __end = end
 *(.heap)
                0x20200008                __heap_end__ = .
                0x20200008                __HeapLimit = __heap_end__

.stack          0x20200008        0x0
                0x20200008                _stack = .
 *(.stack)

.BCRConfig
 *(.BCRConfig)

.BSLConfig
 *(.BSLConfig)
                0x20208000                __StackTop = (ORIGIN (REGION_STACK) + LENGTH (REGION_STACK))
                [!provide]                PROVIDE (__stack = __StackTop)
LOAD C:/Users/marec/workspace_ccstheia/EMG-BatchelorsThesis/sEMG-Wireless-Sensor/Debug/syscfg\device.lds.genlibs
LOAD C:/ti/mspm0_sdk_2_04_00_06/source\ti/driverlib/lib/gcc/m0p/mspm0g1x0x_g3x0x/driverlib.a
LOAD c:/ti/gcc_arm_none_eabi_9_2_1/bin/../lib/gcc/arm-none-eabi/9.2.1/thumb/v6-m/nofp\libgcc.a
LOAD C:/ti/gcc_arm_none_eabi_9_2_1/arm-none-eabi/lib/thumb/v6-m/nofp\libc.a
LOAD C:/ti/gcc_arm_none_eabi_9_2_1/arm-none-eabi/lib/thumb/v6-m/nofp\libm.a
LOAD C:/ti/gcc_arm_none_eabi_9_2_1/arm-none-eabi/lib/thumb/v6-m/nofp\libnosys.a
START GROUP
LOAD c:/ti/gcc_arm_none_eabi_9_2_1/bin/../lib/gcc/arm-none-eabi/9.2.1/thumb/v6-m/nofp\libgcc.a
LOAD C:/ti/gcc_arm_none_eabi_9_2_1/arm-none-eabi/lib/thumb/v6-m/nofp\libg.a
LOAD C:/ti/gcc_arm_none_eabi_9_2_1/arm-none-eabi/lib/thumb/v6-m/nofp\libc.a
END GROUP
OUTPUT(EMG-BatchelorsThesis.out elf32-littlearm)

.debug_info     0x00000000    0x1a989
 .debug_info    0x00000000     0x47eb ./EMG-BatchelorsThesis.o
 .debug_info    0x000047eb     0x50e8 ./syscfg/ti_msp_dl_config.o
 .debug_info    0x000098d3      0x1bc ./startup_mspm0g110x_gcc.o
 .debug_info    0x00009a8f     0x610b C:/ti/mspm0_sdk_2_04_00_06/source\ti/driverlib/lib/gcc/m0p/mspm0g1x0x_g3x0x/driverlib.a(dl_adc12.o)
 .debug_info    0x0000fb9a     0x55ff C:/ti/mspm0_sdk_2_04_00_06/source\ti/driverlib/lib/gcc/m0p/mspm0g1x0x_g3x0x/driverlib.a(dl_common.o)
 .debug_info    0x00015199     0x57f0 C:/ti/mspm0_sdk_2_04_00_06/source\ti/driverlib/lib/gcc/m0p/mspm0g1x0x_g3x0x/driverlib.a(dl_vref.o)

.debug_abbrev   0x00000000      0xbe0
 .debug_abbrev  0x00000000      0x1e2 ./EMG-BatchelorsThesis.o
 .debug_abbrev  0x000001e2      0x346 ./syscfg/ti_msp_dl_config.o
 .debug_abbrev  0x00000528       0xe7 ./startup_mspm0g110x_gcc.o
 .debug_abbrev  0x0000060f      0x2ef C:/ti/mspm0_sdk_2_04_00_06/source\ti/driverlib/lib/gcc/m0p/mspm0g1x0x_g3x0x/driverlib.a(dl_adc12.o)
 .debug_abbrev  0x000008fe      0x166 C:/ti/mspm0_sdk_2_04_00_06/source\ti/driverlib/lib/gcc/m0p/mspm0g1x0x_g3x0x/driverlib.a(dl_common.o)
 .debug_abbrev  0x00000a64      0x17c C:/ti/mspm0_sdk_2_04_00_06/source\ti/driverlib/lib/gcc/m0p/mspm0g1x0x_g3x0x/driverlib.a(dl_vref.o)

.debug_aranges  0x00000000      0x110
 .debug_aranges
                0x00000000       0x20 ./EMG-BatchelorsThesis.o
 .debug_aranges
                0x00000020       0x48 ./syscfg/ti_msp_dl_config.o
 .debug_aranges
                0x00000068       0x30 ./startup_mspm0g110x_gcc.o
 .debug_aranges
                0x00000098       0x28 C:/ti/mspm0_sdk_2_04_00_06/source\ti/driverlib/lib/gcc/m0p/mspm0g1x0x_g3x0x/driverlib.a(dl_adc12.o)
 .debug_aranges
                0x000000c0       0x20 C:/ti/mspm0_sdk_2_04_00_06/source\ti/driverlib/lib/gcc/m0p/mspm0g1x0x_g3x0x/driverlib.a(dl_common.o)
 .debug_aranges
                0x000000e0       0x30 C:/ti/mspm0_sdk_2_04_00_06/source\ti/driverlib/lib/gcc/m0p/mspm0g1x0x_g3x0x/driverlib.a(dl_vref.o)

.debug_ranges   0x00000000      0x190
 .debug_ranges  0x00000000       0x10 ./EMG-BatchelorsThesis.o
 .debug_ranges  0x00000010       0xf0 ./syscfg/ti_msp_dl_config.o
 .debug_ranges  0x00000100       0x20 ./startup_mspm0g110x_gcc.o
 .debug_ranges  0x00000120       0x40 C:/ti/mspm0_sdk_2_04_00_06/source\ti/driverlib/lib/gcc/m0p/mspm0g1x0x_g3x0x/driverlib.a(dl_adc12.o)
 .debug_ranges  0x00000160       0x10 C:/ti/mspm0_sdk_2_04_00_06/source\ti/driverlib/lib/gcc/m0p/mspm0g1x0x_g3x0x/driverlib.a(dl_common.o)
 .debug_ranges  0x00000170       0x20 C:/ti/mspm0_sdk_2_04_00_06/source\ti/driverlib/lib/gcc/m0p/mspm0g1x0x_g3x0x/driverlib.a(dl_vref.o)

.debug_line     0x00000000     0x1b68
 .debug_line    0x00000000      0x455 ./EMG-BatchelorsThesis.o
 .debug_line    0x00000455      0x69f ./syscfg/ti_msp_dl_config.o
 .debug_line    0x00000af4      0x1cb ./startup_mspm0g110x_gcc.o
 .debug_line    0x00000cbf      0x5d5 C:/ti/mspm0_sdk_2_04_00_06/source\ti/driverlib/lib/gcc/m0p/mspm0g1x0x_g3x0x/driverlib.a(dl_adc12.o)
 .debug_line    0x00001294      0x425 C:/ti/mspm0_sdk_2_04_00_06/source\ti/driverlib/lib/gcc/m0p/mspm0g1x0x_g3x0x/driverlib.a(dl_common.o)
 .debug_line    0x000016b9      0x4af C:/ti/mspm0_sdk_2_04_00_06/source\ti/driverlib/lib/gcc/m0p/mspm0g1x0x_g3x0x/driverlib.a(dl_vref.o)

.debug_str      0x00000000     0x2f32
 .debug_str     0x00000000     0x16a5 ./EMG-BatchelorsThesis.o
                               0x17a8 (size before relaxing)
 .debug_str     0x000016a5      0xb6f ./syscfg/ti_msp_dl_config.o
                               0x22e6 (size before relaxing)
 .debug_str     0x00002214      0x13d ./startup_mspm0g110x_gcc.o
                                0x2f4 (size before relaxing)
 .debug_str     0x00002351      0x933 C:/ti/mspm0_sdk_2_04_00_06/source\ti/driverlib/lib/gcc/m0p/mspm0g1x0x_g3x0x/driverlib.a(dl_adc12.o)
                               0x21dc (size before relaxing)
 .debug_str     0x00002c84       0xd4 C:/ti/mspm0_sdk_2_04_00_06/source\ti/driverlib/lib/gcc/m0p/mspm0g1x0x_g3x0x/driverlib.a(dl_common.o)
                               0x1b27 (size before relaxing)
 .debug_str     0x00002d58      0x1da C:/ti/mspm0_sdk_2_04_00_06/source\ti/driverlib/lib/gcc/m0p/mspm0g1x0x_g3x0x/driverlib.a(dl_vref.o)
                               0x1d61 (size before relaxing)

.comment        0x00000000       0x79
 .comment       0x00000000       0x79 ./EMG-BatchelorsThesis.o
                                 0x7a (size before relaxing)
 .comment       0x00000079       0x7a ./syscfg/ti_msp_dl_config.o
 .comment       0x00000079       0x7a ./startup_mspm0g110x_gcc.o
 .comment       0x00000079       0x7a C:/ti/mspm0_sdk_2_04_00_06/source\ti/driverlib/lib/gcc/m0p/mspm0g1x0x_g3x0x/driverlib.a(dl_adc12.o)
 .comment       0x00000079       0x7a C:/ti/mspm0_sdk_2_04_00_06/source\ti/driverlib/lib/gcc/m0p/mspm0g1x0x_g3x0x/driverlib.a(dl_common.o)
 .comment       0x00000079       0x7a C:/ti/mspm0_sdk_2_04_00_06/source\ti/driverlib/lib/gcc/m0p/mspm0g1x0x_g3x0x/driverlib.a(dl_vref.o)

.ARM.attributes
                0x00000000       0x2c
 .ARM.attributes
                0x00000000       0x2b ./EMG-BatchelorsThesis.o
 .ARM.attributes
                0x0000002b       0x2b ./syscfg/ti_msp_dl_config.o
 .ARM.attributes
                0x00000056       0x2b ./startup_mspm0g110x_gcc.o
 .ARM.attributes
                0x00000081       0x2b C:/ti/mspm0_sdk_2_04_00_06/source\ti/driverlib/lib/gcc/m0p/mspm0g1x0x_g3x0x/driverlib.a(dl_adc12.o)
 .ARM.attributes
                0x000000ac       0x2b C:/ti/mspm0_sdk_2_04_00_06/source\ti/driverlib/lib/gcc/m0p/mspm0g1x0x_g3x0x/driverlib.a(dl_common.o)
 .ARM.attributes
                0x000000d7       0x2b C:/ti/mspm0_sdk_2_04_00_06/source\ti/driverlib/lib/gcc/m0p/mspm0g1x0x_g3x0x/driverlib.a(dl_vref.o)
 .ARM.attributes
                0x00000102       0x2c C:/ti/gcc_arm_none_eabi_9_2_1/arm-none-eabi/lib/thumb/v6-m/nofp\libc.a(lib_a-init.o)

.debug_frame    0x00000000      0x1d8
 .debug_frame   0x00000000       0x30 ./EMG-BatchelorsThesis.o
 .debug_frame   0x00000030       0x90 ./syscfg/ti_msp_dl_config.o
 .debug_frame   0x000000c0       0x48 ./startup_mspm0g110x_gcc.o
 .debug_frame   0x00000108       0x44 C:/ti/mspm0_sdk_2_04_00_06/source\ti/driverlib/lib/gcc/m0p/mspm0g1x0x_g3x0x/driverlib.a(dl_adc12.o)
 .debug_frame   0x0000014c       0x20 C:/ti/mspm0_sdk_2_04_00_06/source\ti/driverlib/lib/gcc/m0p/mspm0g1x0x_g3x0x/driverlib.a(dl_common.o)
 .debug_frame   0x0000016c       0x40 C:/ti/mspm0_sdk_2_04_00_06/source\ti/driverlib/lib/gcc/m0p/mspm0g1x0x_g3x0x/driverlib.a(dl_vref.o)
 .debug_frame   0x000001ac       0x2c C:/ti/gcc_arm_none_eabi_9_2_1/arm-none-eabi/lib/thumb/v6-m/nofp\libc.a(lib_a-init.o)

.debug_loc      0x00000000      0x147
 .debug_loc     0x00000000       0x13 ./startup_mspm0g110x_gcc.o
 .debug_loc     0x00000013      0x134 C:/ti/mspm0_sdk_2_04_00_06/source\ti/driverlib/lib/gcc/m0p/mspm0g1x0x_g3x0x/driverlib.a(dl_adc12.o)
