Archive member included to satisfy reference by file (symbol)

C:/ti/mspm0_sdk_2_04_00_06/source\ti/driverlib/lib/gcc/m0p/mspm0g1x0x_g3x0x/driverlib.a(dl_adc12.o)
                              ./syscfg/ti_msp_dl_config.o (DL_ADC12_setClockConfig)
C:/ti/mspm0_sdk_2_04_00_06/source\ti/driverlib/lib/gcc/m0p/mspm0g1x0x_g3x0x/driverlib.a(dl_common.o)
                              ./EMG-BatchelorsThesis.o (DL_Common_delayCycles)
C:/ti/mspm0_sdk_2_04_00_06/source\ti/driverlib/lib/gcc/m0p/mspm0g1x0x_g3x0x/driverlib.a(dl_spi.o)
                              ./syscfg/ti_msp_dl_config.o (DL_SPI_init)
C:/ti/gcc_arm_none_eabi_9_2_1/arm-none-eabi/lib/thumb/v6-m/nofp\libc.a(lib_a-init.o)
                              ./startup_mspm0g110x_gcc.o (__libc_init_array)

Allocating common symbols
Common symbol       size              file

gSPI_NRFBackup      0x28              ./syscfg/ti_msp_dl_config.o

Discarded input sections

 .text.SYSCFG_DL_saveConfiguration
                0x00000000       0x14 ./syscfg/ti_msp_dl_config.o
 .text.SYSCFG_DL_restoreConfiguration
                0x00000000       0x14 ./syscfg/ti_msp_dl_config.o
 .text.DL_ADC12_getClockConfig
                0x00000000       0x30 C:/ti/mspm0_sdk_2_04_00_06/source\ti/driverlib/lib/gcc/m0p/mspm0g1x0x_g3x0x/driverlib.a(dl_adc12.o)
 .text.DL_SPI_getClockConfig
                0x00000000       0x14 C:/ti/mspm0_sdk_2_04_00_06/source\ti/driverlib/lib/gcc/m0p/mspm0g1x0x_g3x0x/driverlib.a(dl_spi.o)
 .text.DL_SPI_receiveDataBlocking8
                0x00000000       0x1c C:/ti/mspm0_sdk_2_04_00_06/source\ti/driverlib/lib/gcc/m0p/mspm0g1x0x_g3x0x/driverlib.a(dl_spi.o)
 .text.DL_SPI_receiveDataBlocking16
                0x00000000       0x1c C:/ti/mspm0_sdk_2_04_00_06/source\ti/driverlib/lib/gcc/m0p/mspm0g1x0x_g3x0x/driverlib.a(dl_spi.o)
 .text.DL_SPI_receiveDataBlocking32
                0x00000000       0x18 C:/ti/mspm0_sdk_2_04_00_06/source\ti/driverlib/lib/gcc/m0p/mspm0g1x0x_g3x0x/driverlib.a(dl_spi.o)
 .text.DL_SPI_transmitDataBlocking8
                0x00000000       0x18 C:/ti/mspm0_sdk_2_04_00_06/source\ti/driverlib/lib/gcc/m0p/mspm0g1x0x_g3x0x/driverlib.a(dl_spi.o)
 .text.DL_SPI_transmitDataBlocking16
                0x00000000       0x18 C:/ti/mspm0_sdk_2_04_00_06/source\ti/driverlib/lib/gcc/m0p/mspm0g1x0x_g3x0x/driverlib.a(dl_spi.o)
 .text.DL_SPI_transmitDataBlocking32
                0x00000000       0x18 C:/ti/mspm0_sdk_2_04_00_06/source\ti/driverlib/lib/gcc/m0p/mspm0g1x0x_g3x0x/driverlib.a(dl_spi.o)
 .text.DL_SPI_receiveDataCheck8
                0x00000000       0x20 C:/ti/mspm0_sdk_2_04_00_06/source\ti/driverlib/lib/gcc/m0p/mspm0g1x0x_g3x0x/driverlib.a(dl_spi.o)
 .text.DL_SPI_receiveDataCheck16
                0x00000000       0x20 C:/ti/mspm0_sdk_2_04_00_06/source\ti/driverlib/lib/gcc/m0p/mspm0g1x0x_g3x0x/driverlib.a(dl_spi.o)
 .text.DL_SPI_receiveDataCheck32
                0x00000000       0x20 C:/ti/mspm0_sdk_2_04_00_06/source\ti/driverlib/lib/gcc/m0p/mspm0g1x0x_g3x0x/driverlib.a(dl_spi.o)
 .text.DL_SPI_transmitDataCheck8
                0x00000000       0x1c C:/ti/mspm0_sdk_2_04_00_06/source\ti/driverlib/lib/gcc/m0p/mspm0g1x0x_g3x0x/driverlib.a(dl_spi.o)
 .text.DL_SPI_transmitDataCheck16
                0x00000000       0x1c C:/ti/mspm0_sdk_2_04_00_06/source\ti/driverlib/lib/gcc/m0p/mspm0g1x0x_g3x0x/driverlib.a(dl_spi.o)
 .text.DL_SPI_transmitDataCheck32
                0x00000000       0x1c C:/ti/mspm0_sdk_2_04_00_06/source\ti/driverlib/lib/gcc/m0p/mspm0g1x0x_g3x0x/driverlib.a(dl_spi.o)
 .text.DL_SPI_drainRXFIFO8
                0x00000000       0x2c C:/ti/mspm0_sdk_2_04_00_06/source\ti/driverlib/lib/gcc/m0p/mspm0g1x0x_g3x0x/driverlib.a(dl_spi.o)
 .text.DL_SPI_drainRXFIFO16
                0x00000000       0x34 C:/ti/mspm0_sdk_2_04_00_06/source\ti/driverlib/lib/gcc/m0p/mspm0g1x0x_g3x0x/driverlib.a(dl_spi.o)
 .text.DL_SPI_drainRXFIFO32
                0x00000000       0x34 C:/ti/mspm0_sdk_2_04_00_06/source\ti/driverlib/lib/gcc/m0p/mspm0g1x0x_g3x0x/driverlib.a(dl_spi.o)
 .text.DL_SPI_fillTXFIFO8
                0x00000000       0x2c C:/ti/mspm0_sdk_2_04_00_06/source\ti/driverlib/lib/gcc/m0p/mspm0g1x0x_g3x0x/driverlib.a(dl_spi.o)
 .text.DL_SPI_fillTXFIFO16
                0x00000000       0x2c C:/ti/mspm0_sdk_2_04_00_06/source\ti/driverlib/lib/gcc/m0p/mspm0g1x0x_g3x0x/driverlib.a(dl_spi.o)
 .text.DL_SPI_saveConfiguration
                0x00000000       0x70 C:/ti/mspm0_sdk_2_04_00_06/source\ti/driverlib/lib/gcc/m0p/mspm0g1x0x_g3x0x/driverlib.a(dl_spi.o)
 .text.DL_SPI_restoreConfiguration
                0x00000000       0x7c C:/ti/mspm0_sdk_2_04_00_06/source\ti/driverlib/lib/gcc/m0p/mspm0g1x0x_g3x0x/driverlib.a(dl_spi.o)
 .text.DL_SPI_fillTXFIFO32
                0x00000000       0x2c C:/ti/mspm0_sdk_2_04_00_06/source\ti/driverlib/lib/gcc/m0p/mspm0g1x0x_g3x0x/driverlib.a(dl_spi.o)

Memory Configuration

Name             Origin             Length             Attributes
FLASH            0x00000000         0x00020000         xr
SRAM             0x20200000         0x00008000         xrw
BCR_CONFIG       0x41c00000         0x000000ff         r
BSL_CONFIG       0x41c00100         0x00000080         r
*default*        0x00000000         0xffffffff

Linker script and memory map

LOAD ./EMG-BatchelorsThesis.o
LOAD ./syscfg/ti_msp_dl_config.o
LOAD ./startup_mspm0g110x_gcc.o
                0x00000000                _Min_Heap_Size = 0x0
                0x00000080                _Min_Stack_Size = 0x80
                0x00000000                PROVIDE (_intvecs_base_address = DEFINED (_intvecs_base_address)?_intvecs_base_address:0x0)

.intvecs        0x00000000       0xc0
 *(.intvecs)
 .intvecs       0x00000000       0xc0 ./startup_mspm0g110x_gcc.o
                0x00000000                interruptVectors
                0x20200000                PROVIDE (_vtable_base_address = DEFINED (_vtable_base_address)?_vtable_base_address:0x20200000)

.vtable
 *(.vtable)

.text           0x000000c0      0x488
 CREATE_OBJECT_SYMBOLS
 *(.text)
 .text          0x000000c0        0x0 ./EMG-BatchelorsThesis.o
 .text          0x000000c0        0x0 ./syscfg/ti_msp_dl_config.o
 .text          0x000000c0        0x0 ./startup_mspm0g110x_gcc.o
 .text          0x000000c0        0x0 C:/ti/mspm0_sdk_2_04_00_06/source\ti/driverlib/lib/gcc/m0p/mspm0g1x0x_g3x0x/driverlib.a(dl_adc12.o)
 .text          0x000000c0        0x0 C:/ti/mspm0_sdk_2_04_00_06/source\ti/driverlib/lib/gcc/m0p/mspm0g1x0x_g3x0x/driverlib.a(dl_common.o)
 .text          0x000000c0        0x0 C:/ti/mspm0_sdk_2_04_00_06/source\ti/driverlib/lib/gcc/m0p/mspm0g1x0x_g3x0x/driverlib.a(dl_spi.o)
 .text          0x000000c0        0x0 C:/ti/gcc_arm_none_eabi_9_2_1/arm-none-eabi/lib/thumb/v6-m/nofp\libc.a(lib_a-init.o)
                0x000000c0                . = ALIGN (0x8)
 *(.text.*)
 .text.startup.main
                0x000000c0       0xcc ./EMG-BatchelorsThesis.o
                0x000000c0                main
 .text.GROUP1_IRQHandler
                0x0000018c       0x1c ./EMG-BatchelorsThesis.o
                0x0000018c                GROUP1_IRQHandler
 .text.SPI0_IRQHandler
                0x000001a8       0x28 ./EMG-BatchelorsThesis.o
                0x000001a8                SPI0_IRQHandler
 .text.SYSCFG_DL_initPower
                0x000001d0       0x3c ./syscfg/ti_msp_dl_config.o
                0x000001d0                SYSCFG_DL_initPower
 .text.SYSCFG_DL_GPIO_init
                0x0000020c       0x90 ./syscfg/ti_msp_dl_config.o
                0x0000020c                SYSCFG_DL_GPIO_init
 .text.SYSCFG_DL_SYSCTL_init
                0x0000029c       0x38 ./syscfg/ti_msp_dl_config.o
                0x0000029c                SYSCFG_DL_SYSCTL_init
 .text.SYSCFG_DL_SPI_NRF_init
                0x000002d4       0x68 ./syscfg/ti_msp_dl_config.o
                0x000002d4                SYSCFG_DL_SPI_NRF_init
 .text.SYSCFG_DL_ADC12_0_init
                0x0000033c       0x70 ./syscfg/ti_msp_dl_config.o
                0x0000033c                SYSCFG_DL_ADC12_0_init
 .text.SYSCFG_DL_init
                0x000003ac       0x24 ./syscfg/ti_msp_dl_config.o
                0x000003ac                SYSCFG_DL_init
 .text.Default_Handler
                0x000003d0        0x4 ./startup_mspm0g110x_gcc.o
                0x000003d0                TIMG6_IRQHandler
                0x000003d0                TIMG8_IRQHandler
                0x000003d0                I2C0_IRQHandler
                0x000003d0                HardFault_Handler
                0x000003d0                SysTick_Handler
                0x000003d0                PendSV_Handler
                0x000003d0                NMI_Handler
                0x000003d0                I2C1_IRQHandler
                0x000003d0                UART1_IRQHandler
                0x000003d0                TIMA1_IRQHandler
                0x000003d0                UART0_IRQHandler
                0x000003d0                ADC0_IRQHandler
                0x000003d0                SPI1_IRQHandler
                0x000003d0                TIMG0_IRQHandler
                0x000003d0                ADC1_IRQHandler
                0x000003d0                RTC_IRQHandler
                0x000003d0                GROUP0_IRQHandler
                0x000003d0                UART2_IRQHandler
                0x000003d0                Default_Handler
                0x000003d0                SVC_Handler
                0x000003d0                TIMG12_IRQHandler
                0x000003d0                TIMG7_IRQHandler
                0x000003d0                DMA_IRQHandler
                0x000003d0                TIMA0_IRQHandler
                0x000003d0                UART3_IRQHandler
 .text.Reset_Handler
                0x000003d4       0x8c ./startup_mspm0g110x_gcc.o
                0x000003d4                Reset_Handler
 .text.initStub
                0x00000460        0x4 ./startup_mspm0g110x_gcc.o
                0x00000460                initStub
                0x00000460                _init
 .text.DL_ADC12_setClockConfig
                0x00000464       0x40 C:/ti/mspm0_sdk_2_04_00_06/source\ti/driverlib/lib/gcc/m0p/mspm0g1x0x_g3x0x/driverlib.a(dl_adc12.o)
                0x00000464                DL_ADC12_setClockConfig
 .text.DL_Common_delayCycles
                0x000004a4        0xc C:/ti/mspm0_sdk_2_04_00_06/source\ti/driverlib/lib/gcc/m0p/mspm0g1x0x_g3x0x/driverlib.a(dl_common.o)
                0x000004a4                DL_Common_delayCycles
 .text.DL_SPI_init
                0x000004b0       0x40 C:/ti/mspm0_sdk_2_04_00_06/source\ti/driverlib/lib/gcc/m0p/mspm0g1x0x_g3x0x/driverlib.a(dl_spi.o)
                0x000004b0                DL_SPI_init
 .text.DL_SPI_setClockConfig
                0x000004f0       0x14 C:/ti/mspm0_sdk_2_04_00_06/source\ti/driverlib/lib/gcc/m0p/mspm0g1x0x_g3x0x/driverlib.a(dl_spi.o)
                0x000004f0                DL_SPI_setClockConfig
 .text.__libc_init_array
                0x00000504       0x44 C:/ti/gcc_arm_none_eabi_9_2_1/arm-none-eabi/lib/thumb/v6-m/nofp\libc.a(lib_a-init.o)
                0x00000504                __libc_init_array
                0x00000548                . = ALIGN (0x8)
 *(.ctors)
                0x00000548                . = ALIGN (0x8)
 *(.dtors)
                0x00000548                . = ALIGN (0x8)
 *(.init)
                0x00000548                . = ALIGN (0x8)
 *(.fini*)
                0x00000548                . = ALIGN (0x8)

.glue_7         0x00000548        0x0
 .glue_7        0x00000548        0x0 linker stubs

.glue_7t        0x00000548        0x0
 .glue_7t       0x00000548        0x0 linker stubs

.vfp11_veneer   0x00000548        0x0
 .vfp11_veneer  0x00000548        0x0 linker stubs

.v4_bx          0x00000548        0x0
 .v4_bx         0x00000548        0x0 linker stubs

.iplt           0x00000548        0x0
 .iplt          0x00000548        0x0 ./EMG-BatchelorsThesis.o

.ramfunc        0x20200000        0x0 load address 0x00000548
                0x00000548                __ramfunct_load__ = LOADADDR (.ramfunc)
                0x20200000                __ramfunct_start__ = .
 *(.ramfunc)
                0x20200000                . = ALIGN (0x8)
                0x20200000                __ramfunct_end__ = .

.rodata         0x00000548       0x18
 *(.rodata)
                0x00000548                . = ALIGN (0x8)
 *(.rodata.*)
 .rodata.gADC12_0ClockConfig
                0x00000548        0x8 ./syscfg/ti_msp_dl_config.o
 .rodata.gSPI_NRF_clockConfig
                0x00000550        0x2 ./syscfg/ti_msp_dl_config.o
 *fill*         0x00000552        0x2 
 .rodata.gSPI_NRF_config
                0x00000554        0xa ./syscfg/ti_msp_dl_config.o
                0x00000560                . = ALIGN (0x8)
 *fill*         0x0000055e        0x2 

.rel.dyn        0x00000560        0x0
 .rel.iplt      0x00000560        0x0 ./EMG-BatchelorsThesis.o

.preinit_array  0x00000560        0x0
                0x00000560                PROVIDE (__preinit_array_start = .)
 *(.preinit_array*)
                0x00000560                PROVIDE (__preinit_array_end = .)

.init_array     0x00000560        0x0
                0x00000560                . = ALIGN (0x8)
                0x00000560                PROVIDE (__init_array_start = .)
 *(SORT_BY_NAME(.init_array.*))
 *(.init_array*)
                0x00000560                PROVIDE (__init_array_end = .)

.fini_array     0x00000560        0x0
                0x00000560                . = ALIGN (0x8)
                [!provide]                PROVIDE (__fini_array_start = .)
 *(SORT_BY_NAME(.fini_array.*))
 *(.fini_array*)
                [!provide]                PROVIDE (__fini_array_end = .)
                0x00000560                . = ALIGN (0x8)

.ARM.exidx      0x00000560        0x0
                0x00000560                __exidx_start = .
 *(.ARM.exidx* .gnu.linkonce.armexidx.*)
                0x00000560                __exidx_end = .

.ARM.extab      0x00000560        0x0
                0x00000560                . = ALIGN (0x8)
 *(.ARM.extab* .gnu.linkonce.armextab.*)
                0x00000560                . = ALIGN (0x8)
                0x00000560                __etext = .

.data           0x20200000        0x0 load address 0x00000560
                0x00000560                __data_load__ = LOADADDR (.data)
                0x20200000                __data_start__ = .
 *(.data)
 .data          0x20200000        0x0 ./EMG-BatchelorsThesis.o
 .data          0x20200000        0x0 ./syscfg/ti_msp_dl_config.o
 .data          0x20200000        0x0 ./startup_mspm0g110x_gcc.o
 .data          0x20200000        0x0 C:/ti/mspm0_sdk_2_04_00_06/source\ti/driverlib/lib/gcc/m0p/mspm0g1x0x_g3x0x/driverlib.a(dl_adc12.o)
 .data          0x20200000        0x0 C:/ti/mspm0_sdk_2_04_00_06/source\ti/driverlib/lib/gcc/m0p/mspm0g1x0x_g3x0x/driverlib.a(dl_common.o)
 .data          0x20200000        0x0 C:/ti/mspm0_sdk_2_04_00_06/source\ti/driverlib/lib/gcc/m0p/mspm0g1x0x_g3x0x/driverlib.a(dl_spi.o)
 .data          0x20200000        0x0 C:/ti/gcc_arm_none_eabi_9_2_1/arm-none-eabi/lib/thumb/v6-m/nofp\libc.a(lib_a-init.o)
 *(.data*)
                0x20200000                . = ALIGN (0x8)
                0x20200000                __data_end__ = .

.igot.plt       0x20200000        0x0 load address 0x00000560
 .igot.plt      0x20200000        0x0 ./EMG-BatchelorsThesis.o

.bss            0x20200000       0x30
                0x20200000                __bss_start__ = .
 *(.shbss)
 *(.bss)
 .bss           0x20200000        0x0 ./EMG-BatchelorsThesis.o
 .bss           0x20200000        0x0 ./syscfg/ti_msp_dl_config.o
 .bss           0x20200000        0x0 ./startup_mspm0g110x_gcc.o
 .bss           0x20200000        0x0 C:/ti/mspm0_sdk_2_04_00_06/source\ti/driverlib/lib/gcc/m0p/mspm0g1x0x_g3x0x/driverlib.a(dl_adc12.o)
 .bss           0x20200000        0x0 C:/ti/mspm0_sdk_2_04_00_06/source\ti/driverlib/lib/gcc/m0p/mspm0g1x0x_g3x0x/driverlib.a(dl_common.o)
 .bss           0x20200000        0x0 C:/ti/mspm0_sdk_2_04_00_06/source\ti/driverlib/lib/gcc/m0p/mspm0g1x0x_g3x0x/driverlib.a(dl_spi.o)
 .bss           0x20200000        0x0 C:/ti/gcc_arm_none_eabi_9_2_1/arm-none-eabi/lib/thumb/v6-m/nofp\libc.a(lib_a-init.o)
 *(.bss.*)
 .bss.GotBack   0x20200000        0x4 ./EMG-BatchelorsThesis.o
                0x20200000                GotBack
 .bss.cnt       0x20200004        0x4 ./EMG-BatchelorsThesis.o
                0x20200004                cnt
 *(COMMON)
 COMMON         0x20200008       0x28 ./syscfg/ti_msp_dl_config.o
                0x20200008                gSPI_NRFBackup
                0x20200030                . = ALIGN (0x8)
                0x20200030                __bss_end__ = .

.noinit         0x20200030        0x0
 *(*.noinit*)
                0x20200030                . = ALIGN (0x8)

.heap           0x20200030        0x0
                0x20200030                __heap_start__ = .
                0x20200030                end = __heap_start__
                0x20200030                _end = end
                0x20200030                __end = end
 *(.heap)
                0x20200030                __heap_end__ = .
                0x20200030                __HeapLimit = __heap_end__

.stack          0x20200030        0x0
                0x20200030                _stack = .
 *(.stack)

.BCRConfig
 *(.BCRConfig)

.BSLConfig
 *(.BSLConfig)
                0x20208000                __StackTop = (ORIGIN (REGION_STACK) + LENGTH (REGION_STACK))
                [!provide]                PROVIDE (__stack = __StackTop)
LOAD C:/Users/marec/workspace_ccstheia/EMG-BatchelorsThesis/sEMG-Wireless-Sensor/Debug/syscfg\device.lds.genlibs
LOAD C:/ti/mspm0_sdk_2_04_00_06/source\ti/driverlib/lib/gcc/m0p/mspm0g1x0x_g3x0x/driverlib.a
LOAD c:/ti/gcc_arm_none_eabi_9_2_1/bin/../lib/gcc/arm-none-eabi/9.2.1/thumb/v6-m/nofp\libgcc.a
LOAD C:/ti/gcc_arm_none_eabi_9_2_1/arm-none-eabi/lib/thumb/v6-m/nofp\libc.a
LOAD C:/ti/gcc_arm_none_eabi_9_2_1/arm-none-eabi/lib/thumb/v6-m/nofp\libm.a
LOAD C:/ti/gcc_arm_none_eabi_9_2_1/arm-none-eabi/lib/thumb/v6-m/nofp\libnosys.a
START GROUP
LOAD c:/ti/gcc_arm_none_eabi_9_2_1/bin/../lib/gcc/arm-none-eabi/9.2.1/thumb/v6-m/nofp\libgcc.a
LOAD C:/ti/gcc_arm_none_eabi_9_2_1/arm-none-eabi/lib/thumb/v6-m/nofp\libg.a
LOAD C:/ti/gcc_arm_none_eabi_9_2_1/arm-none-eabi/lib/thumb/v6-m/nofp\libc.a
END GROUP
OUTPUT(EMG-BatchelorsThesis.out elf32-littlearm)

.debug_info     0x00000000    0x1c678
 .debug_info    0x00000000     0x4a6e ./EMG-BatchelorsThesis.o
 .debug_info    0x00004a6e     0x5d58 ./syscfg/ti_msp_dl_config.o
 .debug_info    0x0000a7c6      0x1bc ./startup_mspm0g110x_gcc.o
 .debug_info    0x0000a982     0x610b C:/ti/mspm0_sdk_2_04_00_06/source\ti/driverlib/lib/gcc/m0p/mspm0g1x0x_g3x0x/driverlib.a(dl_adc12.o)
 .debug_info    0x00010a8d     0x55ff C:/ti/mspm0_sdk_2_04_00_06/source\ti/driverlib/lib/gcc/m0p/mspm0g1x0x_g3x0x/driverlib.a(dl_common.o)
 .debug_info    0x0001608c     0x65ec C:/ti/mspm0_sdk_2_04_00_06/source\ti/driverlib/lib/gcc/m0p/mspm0g1x0x_g3x0x/driverlib.a(dl_spi.o)

.debug_abbrev   0x00000000      0xee4
 .debug_abbrev  0x00000000      0x271 ./EMG-BatchelorsThesis.o
 .debug_abbrev  0x00000271      0x398 ./syscfg/ti_msp_dl_config.o
 .debug_abbrev  0x00000609       0xe7 ./startup_mspm0g110x_gcc.o
 .debug_abbrev  0x000006f0      0x2ef C:/ti/mspm0_sdk_2_04_00_06/source\ti/driverlib/lib/gcc/m0p/mspm0g1x0x_g3x0x/driverlib.a(dl_adc12.o)
 .debug_abbrev  0x000009df      0x166 C:/ti/mspm0_sdk_2_04_00_06/source\ti/driverlib/lib/gcc/m0p/mspm0g1x0x_g3x0x/driverlib.a(dl_common.o)
 .debug_abbrev  0x00000b45      0x39f C:/ti/mspm0_sdk_2_04_00_06/source\ti/driverlib/lib/gcc/m0p/mspm0g1x0x_g3x0x/driverlib.a(dl_spi.o)

.debug_aranges  0x00000000      0x1d0
 .debug_aranges
                0x00000000       0x30 ./EMG-BatchelorsThesis.o
 .debug_aranges
                0x00000030       0x58 ./syscfg/ti_msp_dl_config.o
 .debug_aranges
                0x00000088       0x30 ./startup_mspm0g110x_gcc.o
 .debug_aranges
                0x000000b8       0x28 C:/ti/mspm0_sdk_2_04_00_06/source\ti/driverlib/lib/gcc/m0p/mspm0g1x0x_g3x0x/driverlib.a(dl_adc12.o)
 .debug_aranges
                0x000000e0       0x20 C:/ti/mspm0_sdk_2_04_00_06/source\ti/driverlib/lib/gcc/m0p/mspm0g1x0x_g3x0x/driverlib.a(dl_common.o)
 .debug_aranges
                0x00000100       0xd0 C:/ti/mspm0_sdk_2_04_00_06/source\ti/driverlib/lib/gcc/m0p/mspm0g1x0x_g3x0x/driverlib.a(dl_spi.o)

.debug_ranges   0x00000000      0x718
 .debug_ranges  0x00000000       0x20 ./EMG-BatchelorsThesis.o
 .debug_ranges  0x00000020      0x1f0 ./syscfg/ti_msp_dl_config.o
 .debug_ranges  0x00000210       0x20 ./startup_mspm0g110x_gcc.o
 .debug_ranges  0x00000230       0x40 C:/ti/mspm0_sdk_2_04_00_06/source\ti/driverlib/lib/gcc/m0p/mspm0g1x0x_g3x0x/driverlib.a(dl_adc12.o)
 .debug_ranges  0x00000270       0x10 C:/ti/mspm0_sdk_2_04_00_06/source\ti/driverlib/lib/gcc/m0p/mspm0g1x0x_g3x0x/driverlib.a(dl_common.o)
 .debug_ranges  0x00000280      0x498 C:/ti/mspm0_sdk_2_04_00_06/source\ti/driverlib/lib/gcc/m0p/mspm0g1x0x_g3x0x/driverlib.a(dl_spi.o)

.debug_line     0x00000000     0x29d4
 .debug_line    0x00000000      0x506 ./EMG-BatchelorsThesis.o
 .debug_line    0x00000506      0x91b ./syscfg/ti_msp_dl_config.o
 .debug_line    0x00000e21      0x1cb ./startup_mspm0g110x_gcc.o
 .debug_line    0x00000fec      0x5d5 C:/ti/mspm0_sdk_2_04_00_06/source\ti/driverlib/lib/gcc/m0p/mspm0g1x0x_g3x0x/driverlib.a(dl_adc12.o)
 .debug_line    0x000015c1      0x425 C:/ti/mspm0_sdk_2_04_00_06/source\ti/driverlib/lib/gcc/m0p/mspm0g1x0x_g3x0x/driverlib.a(dl_common.o)
 .debug_line    0x000019e6      0xfee C:/ti/mspm0_sdk_2_04_00_06/source\ti/driverlib/lib/gcc/m0p/mspm0g1x0x_g3x0x/driverlib.a(dl_spi.o)

.debug_str      0x00000000     0x4333
 .debug_str     0x00000000     0x1b13 ./EMG-BatchelorsThesis.o
                               0x1c19 (size before relaxing)
 .debug_str     0x00001b13     0x1924 ./syscfg/ti_msp_dl_config.o
                               0x309b (size before relaxing)
 .debug_str     0x00003437      0x13d ./startup_mspm0g110x_gcc.o
                                0x2f4 (size before relaxing)
 .debug_str     0x00003574      0x920 C:/ti/mspm0_sdk_2_04_00_06/source\ti/driverlib/lib/gcc/m0p/mspm0g1x0x_g3x0x/driverlib.a(dl_adc12.o)
                               0x21dc (size before relaxing)
 .debug_str     0x00003e94       0xd4 C:/ti/mspm0_sdk_2_04_00_06/source\ti/driverlib/lib/gcc/m0p/mspm0g1x0x_g3x0x/driverlib.a(dl_common.o)
                               0x1b27 (size before relaxing)
 .debug_str     0x00003f68      0x3cb C:/ti/mspm0_sdk_2_04_00_06/source\ti/driverlib/lib/gcc/m0p/mspm0g1x0x_g3x0x/driverlib.a(dl_spi.o)
                               0x2451 (size before relaxing)

.comment        0x00000000       0x79
 .comment       0x00000000       0x79 ./EMG-BatchelorsThesis.o
                                 0x7a (size before relaxing)
 .comment       0x00000079       0x7a ./syscfg/ti_msp_dl_config.o
 .comment       0x00000079       0x7a ./startup_mspm0g110x_gcc.o
 .comment       0x00000079       0x7a C:/ti/mspm0_sdk_2_04_00_06/source\ti/driverlib/lib/gcc/m0p/mspm0g1x0x_g3x0x/driverlib.a(dl_adc12.o)
 .comment       0x00000079       0x7a C:/ti/mspm0_sdk_2_04_00_06/source\ti/driverlib/lib/gcc/m0p/mspm0g1x0x_g3x0x/driverlib.a(dl_common.o)
 .comment       0x00000079       0x7a C:/ti/mspm0_sdk_2_04_00_06/source\ti/driverlib/lib/gcc/m0p/mspm0g1x0x_g3x0x/driverlib.a(dl_spi.o)

.ARM.attributes
                0x00000000       0x2c
 .ARM.attributes
                0x00000000       0x2b ./EMG-BatchelorsThesis.o
 .ARM.attributes
                0x0000002b       0x2b ./syscfg/ti_msp_dl_config.o
 .ARM.attributes
                0x00000056       0x2b ./startup_mspm0g110x_gcc.o
 .ARM.attributes
                0x00000081       0x2b C:/ti/mspm0_sdk_2_04_00_06/source\ti/driverlib/lib/gcc/m0p/mspm0g1x0x_g3x0x/driverlib.a(dl_adc12.o)
 .ARM.attributes
                0x000000ac       0x2b C:/ti/mspm0_sdk_2_04_00_06/source\ti/driverlib/lib/gcc/m0p/mspm0g1x0x_g3x0x/driverlib.a(dl_common.o)
 .ARM.attributes
                0x000000d7       0x2b C:/ti/mspm0_sdk_2_04_00_06/source\ti/driverlib/lib/gcc/m0p/mspm0g1x0x_g3x0x/driverlib.a(dl_spi.o)
 .ARM.attributes
                0x00000102       0x2c C:/ti/gcc_arm_none_eabi_9_2_1/arm-none-eabi/lib/thumb/v6-m/nofp\libc.a(lib_a-init.o)

.debug_frame    0x00000000      0x410
 .debug_frame   0x00000000       0x58 ./EMG-BatchelorsThesis.o
 .debug_frame   0x00000058       0xc0 ./syscfg/ti_msp_dl_config.o
 .debug_frame   0x00000118       0x48 ./startup_mspm0g110x_gcc.o
 .debug_frame   0x00000160       0x44 C:/ti/mspm0_sdk_2_04_00_06/source\ti/driverlib/lib/gcc/m0p/mspm0g1x0x_g3x0x/driverlib.a(dl_adc12.o)
 .debug_frame   0x000001a4       0x20 C:/ti/mspm0_sdk_2_04_00_06/source\ti/driverlib/lib/gcc/m0p/mspm0g1x0x_g3x0x/driverlib.a(dl_common.o)
 .debug_frame   0x000001c4      0x220 C:/ti/mspm0_sdk_2_04_00_06/source\ti/driverlib/lib/gcc/m0p/mspm0g1x0x_g3x0x/driverlib.a(dl_spi.o)
 .debug_frame   0x000003e4       0x2c C:/ti/gcc_arm_none_eabi_9_2_1/arm-none-eabi/lib/thumb/v6-m/nofp\libc.a(lib_a-init.o)

.debug_loc      0x00000000      0x957
 .debug_loc     0x00000000       0x26 ./syscfg/ti_msp_dl_config.o
 .debug_loc     0x00000026       0x13 ./startup_mspm0g110x_gcc.o
 .debug_loc     0x00000039      0x134 C:/ti/mspm0_sdk_2_04_00_06/source\ti/driverlib/lib/gcc/m0p/mspm0g1x0x_g3x0x/driverlib.a(dl_adc12.o)
 .debug_loc     0x0000016d      0x7ea C:/ti/mspm0_sdk_2_04_00_06/source\ti/driverlib/lib/gcc/m0p/mspm0g1x0x_g3x0x/driverlib.a(dl_spi.o)
